{'success': True, 'data': {'id': 549538, 'fio': '  ', 'subGroup': 0, 'subGroupStudent': 2, 'lessons': [{'id': 1428940, 'dateString': '26.01.2026', 'gradeBookOmissions': 0, 'isRespectfulOmission': False, 'lessonTypeId': 4, 'lessonTypeAbbrev': 'ЛР', 'lessonNameAbbrev': 'ИАД', 'subGroup': 2, 'marks': [], 'controlPoint': '01.03.2026'}, {'id': 1428939, 'dateString': '26.01.2026', 'gradeBookOmissions': 0, 'isRespectfulOmission': False, 'lessonTypeId': 4, 'lessonTypeAbbrev': 'ЛР', 'lessonNameAbbrev': 'МРЗвИС', 'subGroup': 1, 'marks': [], 'controlPoint': '01.03.2026'}, {'id': 1428938, 'dateString': '26.01.2026', 'gradeBookOmissions': 0, 'isRespectfulOmission': False, 'lessonTypeId': 4, 'lessonTypeAbbrev': 'ЛР', 'lessonNameAbbrev': 'МРЗвИС', 'subGroup': 0, 'marks': [], 'controlPoint': '01.03.2026'}, {'id': 1428937, 'dateString': '26.01.2026', 'gradeBookOmissions': 0, 'isRespectfulOmission': False, 'lessonTypeId': 2, 'lessonTypeAbbrev': 'ЛК', 'lessonNameAbbrev': 'ОБиПвСИТ', 'subGroup': 0, 'marks': [], 'controlPoint': '01.03.2026'}, {'id': 1428943, 'dateString': '26.01.2026', 'gradeBookOmissions': 0, 'isRespectfulOmission': False, 'lessonTypeId': 2, 'lessonTypeAbbrev': 'ЛК', 'lessonNameAbbrev': 'ПЗИИС', 'subGroup': 0, 'marks': [], 'controlPoint': '01.03.2026'}, {'id': 1416258, 'dateString': '27.01.2026', 'gradeBookOmissions': 0, 'isRespectfulOmission': False, 'lessonTypeId': 4, 'lessonTypeAbbrev': 'ЛР', 'lessonNameAbbrev': 'ПЗИИС', 'subGroup': 0, 'marks': [], 'controlPoint': '01.03.2026'}, {'id': 1429140, 'dateString': '27.01.2026', 'gradeBookOmissions': 0, 'isRespectfulOmission': False, 'lessonTypeId': 3, 'lessonTypeAbbrev': 'ПЗ', 'lessonNameAbbrev': 'ФизК', 'subGroup': 0, 'marks': [], 'controlPoint': '01.03.2026'}, {'id': 1429137, 'dateString': '27.01.2026', 'gradeBookOmissions': 0, 'isRespectfulOmission': False, 'lessonTypeId': 3, 'lessonTypeAbbrev': 'ПЗ', 'lessonNameAbbrev': 'ОБиПвСИТ', 'subGroup': 0, 'marks': [], 'controlPoint': '01.03.2026'}, {'id': 1416210, 'dateString': '27.01.2026', 'gradeBookOmissions': 0, 'isRespectfulOmission': False, 'lessonTypeId': 4, 'lessonTypeAbbrev': 'ЛР', 'lessonNameAbbrev': 'ПБЗ', 'subGroup': 0, 'marks': [], 'controlPoint': '01.03.2026'}, {'id': 1429329, 'dateString': '28.01.2026', 'gradeBookOmissions': 0, 'isRespectfulOmission': False, 'lessonTypeId': 3, 'lessonTypeAbbrev': 'ПЗ', 'lessonNameAbbrev': 'ОБиПвСИТ', 'subGroup': 0, 'marks': [], 'controlPoint': '01.03.2026'}, {'id': 1423219, 'dateString': '28.01.2026', 'gradeBookOmissions': 0, 'isRespectfulOmission': False, 'lessonTypeId': 2, 'lessonTypeAbbrev': 'ЛК', 'lessonNameAbbrev': 'ЕЯзИИС', 'subGroup': 0, 'marks': [], 'controlPoint': '01.03.2026'}, {'id': 1429549, 'dateString': '29.01.2026', 'gradeBookOmissions': 0, 'isRespectfulOmission': False, 'lessonTypeId': 4, 'lessonTypeAbbrev': 'ЛР', 'lessonNameAbbrev': 'ЕЯзИИС', 'subGroup': 2, 'marks': [], 'controlPoint': '01.03.2026'}, {'id': 1429552, 'dateString': '29.01.2026', 'gradeBookOmissions': 0, 'isRespectfulOmission': False, 'lessonTypeId': 3, 'lessonTypeAbbrev': 'ПЗ', 'lessonNameAbbrev': 'ФизК', 'subGroup': 0, 'marks': [], 'controlPoint': '01.03.2026'}, {'id': 1429554, 'dateString': '29.01.2026', 'gradeBookOmissions': 0, 'isRespectfulOmission': False, 'lessonTypeId': 2, 'lessonTypeAbbrev': 'ЛК', 'lessonNameAbbrev': 'МРЗвИС', 'subGroup': 0, 'marks': [], 'controlPoint': '01.03.2026'}, {'id': 1429556, 'dateString': '29.01.2026', 'gradeBookOmissions': 0, 'isRespectfulOmission': False, 'lessonTypeId': 4, 'lessonTypeAbbrev': 'ЛР', 'lessonNameAbbrev': 'ГИИС', 'subGroup': 2, 'marks': [], 'controlPoint': '01.03.2026'}, {'id': 1429764, 'dateString': '30.01.2026', 'gradeBookOmissions': 0, 'isRespectfulOmission': False, 'lessonTypeId': 4, 'lessonTypeAbbrev': 'ЛР', 'lessonNameAbbrev': 'ГИИС', 'subGroup': 0, 'marks': [], 'controlPoint': '01.03.2026'}, {'id': 1429760, 'dateString': '30.01.2026', 'gradeBookOmissions': 0, 'isRespectfulOmission': False, 'lessonTypeId': 2, 'lessonTypeAbbrev': 'ЛК', 'lessonNameAbbrev': 'ОБиПвСИТ', 'subGroup': 0, 'marks': [], 'controlPoint': '01.03.2026'}, {'id': 1429761, 'dateString': '30.01.2026', 'gradeBookOmissions': 0, 'isRespectfulOmission': False, 'lessonTypeId': 4, 'lessonTypeAbbrev': 'ЛР', 'lessonNameAbbrev': 'ЕЯзИИС', 'subGroup': 0, 'marks': [], 'controlPoint': '01.03.2026'}, {'id': 1429763, 'dateString': '30.01.2026', 'gradeBookOmissions': 0, 'isRespectfulOmission': False, 'lessonTypeId': 2, 'lessonTypeAbbrev': 'ЛК', 'lessonNameAbbrev': 'ИАД', 'subGroup': 0, 'marks': [], 'controlPoint': '01.03.2026'}, {'id': 1416214, 'dateString': '31.01.2026', 'gradeBookOmissions': 0, 'isRespectfulOmission': False, 'lessonTypeId': 4, 'lessonTypeAbbrev': 'ЛР', 'lessonNameAbbrev': 'ПБЗ', 'subGroup': 1, 'marks': [], 'controlPoint': '01.03.2026'}, {'id': 1416242, 'dateString': '31.01.2026', 'gradeBookOmissions': 0, 'isRespectfulOmission': False, 'lessonTypeId': 4, 'lessonTypeAbbrev': 'ЛР', 'lessonNameAbbrev': 'ПЗИИС', 'subGroup': 1, 'marks': [], 'controlPoint': '01.03.2026'}, {'id': 1416250, 'dateString': '31.01.2026', 'gradeBookOmissions': 0, 'isRespectfulOmission': False, 'lessonTypeId': 4, 'lessonTypeAbbrev': 'ЛР', 'lessonNameAbbrev': 'ПЗИИС', 'subGroup': 2, 'marks': [], 'controlPoint': '01.03.2026'}, {'id': 1416202, 'dateString': '31.01.2026', 'gradeBookOmissions': 0, 'isRespectfulOmission': False, 'lessonTypeId': 4, 'lessonTypeAbbrev': 'ЛР', 'lessonNameAbbrev': 'ПБЗ', 'subGroup': 2, 'marks': [], 'controlPoint': '01.03.2026'}, {'id': 1430009, 'dateString': '02.02.2026', 'gradeBookOmissions': 0, 'isRespectfulOmission': False, 'lessonTypeId': 4, 'lessonTypeAbbrev': 'ЛР', 'lessonNameAbbrev': 'ИАД', 'subGroup': 0, 'marks': [], 'controlPoint': '01.03.2026'}, {'id': 1430008, 'dateString': '02.02.2026', 'gradeBookOmissions': 0, 'isRespectfulOmission': False, 'lessonTypeId': 2, 'lessonTypeAbbrev': 'ЛК', 'lessonNameAbbrev': 'ОБиПвСИТ', 'subGroup': 0, 'marks': [], 'controlPoint': '01.03.2026'}, {'id': 1430012, 'dateString': '02.02.2026', 'gradeBookOmissions': 0, 'isRespectfulOmission': False, 'lessonTypeId': 2, 'lessonTypeAbbrev': 'ЛК', 'lessonNameAbbrev': 'ПЗИИС', 'subGroup': 0, 'marks': [], 'controlPoint': '01.03.2026'}, {'id': 1430179, 'dateString': '03.02.2026', 'gradeBookOmissions': 0, 'isRespectfulOmission': False, 'lessonTypeId': 2, 'lessonTypeAbbrev': 'ЛК', 'lessonNameAbbrev': 'ПБЗ', 'subGroup': 0, 'marks': [], 'controlPoint': '01.03.2026'}, {'id': 1430182, 'dateString': '03.02.2026', 'gradeBookOmissions': 0, 'isRespectfulOmission': False, 'lessonTypeId': 3, 'lessonTypeAbbrev': 'ПЗ', 'lessonNameAbbrev': 'ФизК', 'subGroup': 0, 'marks': [], 'controlPoint': '01.03.2026'}, {'id': 1430379, 'dateString': '04.02.2026', 'gradeBookOmissions': 0, 'isRespectfulOmission': False, 'lessonTypeId': 3, 'lessonTypeAbbrev': 'ПЗ', 'lessonNameAbbrev': 'ОБиПвСИТ', 'subGroup': 0, 'marks': [], 'controlPoint': '01.03.2026'}, {'id': 1430387, 'dateString': '04.02.2026', 'gradeBookOmissions': 0, 'isRespectfulOmission': False, 'lessonTypeId': 2, 'lessonTypeAbbrev': 'ЛК', 'lessonNameAbbrev': 'ГИИС', 'subGroup': 0, 'marks': [], 'controlPoint': '01.03.2026'}, {'id': 1423230, 'dateString': '04.02.2026', 'gradeBookOmissions': 0, 'isRespectfulOmission': False, 'lessonTypeId': 2, 'lessonTypeAbbrev': 'ЛК', 'lessonNameAbbrev': 'ЕЯзИИС', 'subGroup': 0, 'marks': [], 'controlPoint': '01.03.2026'}, {'id': 1430599, 'dateString': '05.02.2026', 'gradeBookOmissions': 0, 'isRespectfulOmission': False, 'lessonTypeId': 3, 'lessonTypeAbbrev': 'ПЗ', 'lessonNameAbbrev': 'ФизК', 'subGroup': 0, 'marks': [], 'controlPoint': '01.03.2026'}, {'id': 1430601, 'dateString': '05.02.2026', 'gradeBookOmissions': 0, 'isRespectfulOmission': False, 'lessonTypeId': 2, 'lessonTypeAbbrev': 'ЛК', 'lessonNameAbbrev': 'МРЗвИС', 'subGroup': 0, 'marks': [], 'controlPoint': '01.03.2026'}, {'id': 1430604, 'dateString': '05.02.2026', 'gradeBookOmissions': 0, 'isRespectfulOmission': False, 'lessonTypeId': 4, 'lessonTypeAbbrev': 'ЛР', 'lessonNameAbbrev': 'ГИИС', 'subGroup': 1, 'marks': [], 'controlPoint': '01.03.2026'}, {'id': 1430596, 'dateString': '05.02.2026', 'gradeBookOmissions': 0, 'isRespectfulOmission': False, 'lessonTypeId': 4, 'lessonTypeAbbrev': 'ЛР', 'lessonNameAbbrev': 'ЕЯзИИС', 'subGroup': 1, 'marks': [], 'controlPoint': '01.03.2026'}, {'id': 1430814, 'dateString': '06.02.2026', 'gradeBookOmissions': 0, 'isRespectfulOmission': False, 'lessonTypeId': 4, 'lessonTypeAbbrev': 'ЛР', 'lessonNameAbbrev': 'МРЗвИС', 'subGroup': 2, 'marks': [], 'controlPoint': '01.03.2026'}, {'id': 1430816, 'dateString': '06.02.2026', 'gradeBookOmissions': 0, 'isRespectfulOmission': False, 'lessonTypeId': 2, 'lessonTypeAbbrev': 'ЛК', 'lessonNameAbbrev': 'ИАД', 'subGroup': 0, 'marks': [], 'controlPoint': '01.03.2026'}, {'id': 1430817, 'dateString': '06.02.2026', 'gradeBookOmissions': 0, 'isRespectfulOmission': False, 'lessonTypeId': 4, 'lessonTypeAbbrev': 'ЛР', 'lessonNameAbbrev': 'ИАД', 'subGroup': 1, 'marks': [], 'controlPoint': '01.03.2026'}, {'id': 1431059, 'dateString': '09.02.2026', 'gradeBookOmissions': 0, 'isRespectfulOmission': False, 'lessonTypeId': 2, 'lessonTypeAbbrev': 'ЛК', 'lessonNameAbbrev': 'ПЗИИС', 'subGroup': 0, 'marks': [], 'controlPoint': '01.03.2026'}, {'id': 1431053, 'dateString': '09.02.2026', 'gradeBookOmissions': 0, 'isRespectfulOmission': False, 'lessonTypeId': 4, 'lessonTypeAbbrev': 'ЛР', 'lessonNameAbbrev': 'МРЗвИС', 'subGroup': 0, 'marks': [], 'controlPoint': '01.03.2026'}, {'id': 1431054, 'dateString': '09.02.2026', 'gradeBookOmissions': 0, 'isRespectfulOmission': False, 'lessonTypeId': 4, 'lessonTypeAbbrev': 'ЛР', 'lessonNameAbbrev': 'МРЗвИС', 'subGroup': 1, 'marks': [], 'controlPoint': '01.03.2026'}, {'id': 1431056, 'dateString': '09.02.2026', 'gradeBookOmissions': 0, 'isRespectfulOmission': False, 'lessonTypeId': 4, 'lessonTypeAbbrev': 'ЛР', 'lessonNameAbbrev': 'ИАД', 'subGroup': 2, 'marks': [], 'controlPoint': '01.03.2026'}, {'id': 1431052, 'dateString': '09.02.2026', 'gradeBookOmissions': 0, 'isRespectfulOmission': False, 'lessonTypeId': 2, 'lessonTypeAbbrev': 'ЛК', 'lessonNameAbbrev': 'ОБиПвСИТ', 'subGroup': 0, 'marks': [], 'controlPoint': '01.03.2026'}, {'id': 1431254, 'dateString': '10.02.2026', 'gradeBookOmissions': 0, 'isRespectfulOmission': False, 'lessonTypeId': 3, 'lessonTypeAbbrev': 'ПЗ', 'lessonNameAbbrev': 'ФизК', 'subGroup': 0, 'marks': [], 'controlPoint': '01.03.2026'}, {'id': 1431250, 'dateString': '10.02.2026', 'gradeBookOmissions': 0, 'isRespectfulOmission': False, 'lessonTypeId': 2, 'lessonTypeAbbrev': 'ЛК', 'lessonNameAbbrev': 'ПБЗ', 'subGroup': 0, 'marks': [], 'controlPoint': '01.03.2026'}, {'id': 1431447, 'dateString': '11.02.2026', 'gradeBookOmissions': 0, 'isRespectfulOmission': False, 'lessonTypeId': 2, 'lessonTypeAbbrev': 'ЛК', 'lessonNameAbbrev': 'ГИИС', 'subGroup': 0, 'marks': [], 'controlPoint': '01.03.2026'}, {'id': 1423220, 'dateString': '11.02.2026', 'gradeBookOmissions': 0, 'isRespectfulOmission': False, 'lessonTypeId': 2, 'lessonTypeAbbrev': 'ЛК', 'lessonNameAbbrev': 'ЕЯзИИС', 'subGroup': 0, 'marks': [], 'controlPoint': '01.03.2026'}, {'id': 1431442, 'dateString': '11.02.2026', 'gradeBookOmissions': 0, 'isRespectfulOmission': False, 'lessonTypeId': 3, 'lessonTypeAbbrev': 'ПЗ', 'lessonNameAbbrev': 'ОБиПвСИТ', 'subGroup': 0, 'marks': [], 'controlPoint': '01.03.2026'}, {'id': 1431671, 'dateString': '12.02.2026', 'gradeBookOmissions': 0, 'isRespectfulOmission': False, 'lessonTypeId': 2, 'lessonTypeAbbrev': 'ЛК', 'lessonNameAbbrev': 'МРЗвИС', 'subGroup': 0, 'marks': [], 'controlPoint': '01.03.2026'}, {'id': 1431666, 'dateString': '12.02.2026', 'gradeBookOmissions': 0, 'isRespectfulOmission': False, 'lessonTypeId': 4, 'lessonTypeAbbrev': 'ЛР', 'lessonNameAbbrev': 'ЕЯзИИС', 'subGroup': 2, 'marks': [], 'controlPoint': '01.03.2026'}, {'id': 1431673, 'dateString': '12.02.2026', 'gradeBookOmissions': 0, 'isRespectfulOmission': False, 'lessonTypeId': 4, 'lessonTypeAbbrev': 'ЛР', 'lessonNameAbbrev': 'ГИИС', 'subGroup': 2, 'marks': [], 'controlPoint': '01.03.2026'}, {'id': 1431669, 'dateString': '12.02.2026', 'gradeBookOmissions': 0, 'isRespectfulOmission': False, 'lessonTypeId': 3, 'lessonTypeAbbrev': 'ПЗ', 'lessonNameAbbrev': 'ФизК', 'subGroup': 0, 'marks': [], 'controlPoint': '01.03.2026'}, {'id': 1431882, 'dateString': '13.02.2026', 'gradeBookOmissions': 0, 'isRespectfulOmission': False, 'lessonTypeId': 4, 'lessonTypeAbbrev': 'ЛР', 'lessonNameAbbrev': 'ГИИС', 'subGroup': 0, 'marks': [], 'controlPoint': '01.03.2026'}, {'id': 1431880, 'dateString': '13.02.2026', 'gradeBookOmissions': 0, 'isRespectfulOmission': False, 'lessonTypeId': 2, 'lessonTypeAbbrev': 'ЛК', 'lessonNameAbbrev': 'ИАД', 'subGroup': 0, 'marks': [], 'controlPoint': '01.03.2026'}, {'id': 1431877, 'dateString': '13.02.2026', 'gradeBookOmissions': 0, 'isRespectfulOmission': False, 'lessonTypeId': 3, 'lessonTypeAbbrev': 'ПЗ', 'lessonNameAbbrev': 'ОБиПвСИТ', 'subGroup': 0, 'marks': [], 'controlPoint': '01.03.2026'}, {'id': 1431878, 'dateString': '13.02.2026', 'gradeBookOmissions': 0, 'isRespectfulOmission': False, 'lessonTypeId': 4, 'lessonTypeAbbrev': 'ЛР', 'lessonNameAbbrev': 'ЕЯзИИС', 'subGroup': 0, 'marks': [], 'controlPoint': '01.03.2026'}, {'id': 1416203, 'dateString': '14.02.2026', 'gradeBookOmissions': 0, 'isRespectfulOmission': False, 'lessonTypeId': 4, 'lessonTypeAbbrev': 'ЛР', 'lessonNameAbbrev': 'ПБЗ', 'subGroup': 2, 'marks': [], 'controlPoint': '01.03.2026'}, {'id': 1416251, 'dateString': '14.02.2026', 'gradeBookOmissions': 0, 'isRespectfulOmission': False, 'lessonTypeId': 4, 'lessonTypeAbbrev': 'ЛР', 'lessonNameAbbrev': 'ПЗИИС', 'subGroup': 2, 'marks': [], 'controlPoint': '01.03.2026'}, {'id': 1432123, 'dateString': '16.02.2026', 'gradeBookOmissions': 0, 'isRespectfulOmission': False, 'lessonTypeId': 2, 'lessonTypeAbbrev': 'ЛК', 'lessonNameAbbrev': 'ОБиПвСИТ', 'subGroup': 0, 'marks': [], 'controlPoint': '01.03.2026'}, {'id': 1496712, 'dateString': '16.02.2026', 'gradeBookOmissions': 2, 'isRespectfulOmission': False, 'lessonTypeId': 4, 'lessonTypeAbbrev': 'ЛР', 'lessonNameAbbrev': 'ПЗИИС', 'subGroup': 2, 'marks': [], 'controlPoint': '01.03.2026'}, {'id': 1432124, 'dateString': '16.02.2026', 'gradeBookOmissions': 0, 'isRespectfulOmission': False, 'lessonTypeId': 4, 'lessonTypeAbbrev': 'ЛР', 'lessonNameAbbrev': 'ИАД', 'subGroup': 0, 'marks': [9], 'controlPoint': '01.03.2026'}, {'id': 1432127, 'dateString': '16.02.2026', 'gradeBookOmissions': 0, 'isRespectfulOmission': False, 'lessonTypeId': 2, 'lessonTypeAbbrev': 'ЛК', 'lessonNameAbbrev': 'ПЗИИС', 'subGroup': 0, 'marks': [], 'controlPoint': '01.03.2026'}, {'id': 1432301, 'dateString': '17.02.2026', 'gradeBookOmissions': 0, 'isRespectfulOmission': False, 'lessonTypeId': 4, 'lessonTypeAbbrev': 'ЛР', 'lessonNameAbbrev': 'МРЗвИС', 'subGroup': 1, 'marks': [], 'controlPoint': '01.03.2026'}, {'id': 1432296, 'dateString': '17.02.2026', 'gradeBookOmissions': 0, 'isRespectfulOmission': False, 'lessonTypeId': 2, 'lessonTypeAbbrev': 'ЛК', 'lessonNameAbbrev': 'ПБЗ', 'subGroup': 0, 'marks': [], 'controlPoint': '01.03.2026'}, {'id': 1432299, 'dateString': '17.02.2026', 'gradeBookOmissions': 0, 'isRespectfulOmission': False, 'lessonTypeId': 3, 'lessonTypeAbbrev': 'ПЗ', 'lessonNameAbbrev': 'ФизК', 'subGroup': 0, 'marks': [], 'controlPoint': '01.03.2026'}, {'id': 1496713, 'dateString': '17.02.2026', 'gradeBookOmissions': 0, 'isRespectfulOmission': False, 'lessonTypeId': 4, 'lessonTypeAbbrev': 'ЛР', 'lessonNameAbbrev': 'ПЗИИС', 'subGroup': 1, 'marks': [], 'controlPoint': '01.03.2026'}, {'id': 1423221, 'dateString': '18.02.2026', 'gradeBookOmissions': 0, 'isRespectfulOmission': False, 'lessonTypeId': 2, 'lessonTypeAbbrev': 'ЛК', 'lessonNameAbbrev': 'ЕЯзИИС', 'subGroup': 0, 'marks': [], 'controlPoint': '01.03.2026'}, {'id': 1496714, 'dateString': '18.02.2026', 'gradeBookOmissions': 0, 'isRespectfulOmission': False, 'lessonTypeId': 4, 'lessonTypeAbbrev': 'ЛР', 'lessonNameAbbrev': 'ПБЗ', 'subGroup': 1, 'marks': [], 'controlPoint': '01.03.2026'}, {'id': 1432501, 'dateString': '18.02.2026', 'gradeBookOmissions': 0, 'isRespectfulOmission': False, 'lessonTypeId': 3, 'lessonTypeAbbrev': 'ПЗ', 'lessonNameAbbrev': 'ОБиПвСИТ', 'subGroup': 0, 'marks': [], 'controlPoint': '01.03.2026'}, {'id': 1432509, 'dateString': '18.02.2026', 'gradeBookOmissions': 0, 'isRespectfulOmission': False, 'lessonTypeId': 2, 'lessonTypeAbbrev': 'ЛК', 'lessonNameAbbrev': 'ГИИС', 'subGroup': 0, 'marks': [], 'controlPoint': '01.03.2026'}, {'id': 1432725, 'dateString': '19.02.2026', 'gradeBookOmissions': 0, 'isRespectfulOmission': False, 'lessonTypeId': 3, 'lessonTypeAbbrev': 'ПЗ', 'lessonNameAbbrev': 'ФизК', 'subGroup': 0, 'marks': [], 'controlPoint': '01.03.2026'}, {'id': 1432727, 'dateString': '19.02.2026', 'gradeBookOmissions': 0, 'isRespectfulOmission': False, 'lessonTypeId': 2, 'lessonTypeAbbrev': 'ЛК', 'lessonNameAbbrev': 'МРЗвИС', 'subGroup': 0, 'marks': [], 'controlPoint': '01.03.2026'}, {'id': 1432730, 'dateString': '19.02.2026', 'gradeBookOmissions': 0, 'isRespectfulOmission': False, 'lessonTypeId': 4, 'lessonTypeAbbrev': 'ЛР', 'lessonNameAbbrev': 'ГИИС', 'subGroup': 1, 'marks': [], 'controlPoint': '01.03.2026'}, {'id': 1432722, 'dateString': '19.02.2026', 'gradeBookOmissions': 0, 'isRespectfulOmission': False, 'lessonTypeId': 4, 'lessonTypeAbbrev': 'ЛР', 'lessonNameAbbrev': 'ЕЯзИИС', 'subGroup': 1, 'marks': [], 'controlPoint': '01.03.2026'}, {'id': 1432937, 'dateString': '20.02.2026', 'gradeBookOmissions': 0, 'isRespectfulOmission': False, 'lessonTypeId': 2, 'lessonTypeAbbrev': 'ЛК', 'lessonNameAbbrev': 'ИАД', 'subGroup': 0, 'marks': [], 'controlPoint': '01.03.2026'}, {'id': 1432938, 'dateString': '20.02.2026', 'gradeBookOmissions': 0, 'isRespectfulOmission': False, 'lessonTypeId': 4, 'lessonTypeAbbrev': 'ЛР', 'lessonNameAbbrev': 'ИАД', 'subGroup': 1, 'marks': [], 'controlPoint': '01.03.2026'}, {'id': 1432935, 'dateString': '20.02.2026', 'gradeBookOmissions': 0, 'isRespectfulOmission': False, 'lessonTypeId': 4, 'lessonTypeAbbrev': 'ЛР', 'lessonNameAbbrev': 'МРЗвИС', 'subGroup': 2, 'marks': [], 'controlPoint': '01.03.2026'}, {'id': 1433169, 'dateString': '23.02.2026', 'gradeBookOmissions': 0, 'isRespectfulOmission': False, 'lessonTypeId': 4, 'lessonTypeAbbrev': 'ЛР', 'lessonNameAbbrev': 'МРЗвИС', 'subGroup': 1, 'marks': [], 'controlPoint': '01.03.2026'}, {'id': 1433167, 'dateString': '23.02.2026', 'gradeBookOmissions': 0, 'isRespectfulOmission': False, 'lessonTypeId': 2, 'lessonTypeAbbrev': 'ЛК', 'lessonNameAbbrev': 'ОБиПвСИТ', 'subGroup': 0, 'marks': [], 'controlPoint': '01.03.2026'}, {'id': 1433168, 'dateString': '23.02.2026', 'gradeBookOmissions': 1, 'isRespectfulOmission': False, 'lessonTypeId': 4, 'lessonTypeAbbrev': 'ЛР', 'lessonNameAbbrev': 'МРЗвИС', 'subGroup': 0, 'marks': [], 'controlPoint': '01.03.2026'}, {'id': 1433171, 'dateString': '23.02.2026', 'gradeBookOmissions': 0, 'isRespectfulOmission': False, 'lessonTypeId': 4, 'lessonTypeAbbrev': 'ЛР', 'lessonNameAbbrev': 'ИАД', 'subGroup': 2, 'marks': [], 'controlPoint': '01.03.2026'}, {'id': 1433174, 'dateString': '23.02.2026', 'gradeBookOmissions': 0, 'isRespectfulOmission': False, 'lessonTypeId': 2, 'lessonTypeAbbrev': 'ЛК', 'lessonNameAbbrev': 'ПЗИИС', 'subGroup': 0, 'marks': [], 'controlPoint': '01.03.2026'}, {'id': 1416259, 'dateString': '24.02.2026', 'gradeBookOmissions': 0, 'isRespectfulOmission': False, 'lessonTypeId': 4, 'lessonTypeAbbrev': 'ЛР', 'lessonNameAbbrev': 'ПЗИИС', 'subGroup': 0, 'marks': [], 'controlPoint': '01.03.2026'}, {'id': 1416211, 'dateString': '24.02.2026', 'gradeBookOmissions': 0, 'isRespectfulOmission': False, 'lessonTypeId': 4, 'lessonTypeAbbrev': 'ЛР', 'lessonNameAbbrev': 'ПБЗ', 'subGroup': 0, 'marks': [], 'controlPoint': '01.03.2026'}, {'id': 1433371, 'dateString': '24.02.2026', 'gradeBookOmissions': 0, 'isRespectfulOmission': False, 'lessonTypeId': 3, 'lessonTypeAbbrev': 'ПЗ', 'lessonNameAbbrev': 'ФизК', 'subGroup': 0, 'marks': [], 'controlPoint': '01.03.2026'}, {'id': 1433368, 'dateString': '24.02.2026', 'gradeBookOmissions': 0, 'isRespectfulOmission': False, 'lessonTypeId': 3, 'lessonTypeAbbrev': 'ПЗ', 'lessonNameAbbrev': 'ОБиПвСИТ', 'subGroup': 0, 'marks': [], 'controlPoint': '01.03.2026'}, {'id': 1433567, 'dateString': '25.02.2026', 'gradeBookOmissions': 0, 'isRespectfulOmission': False, 'lessonTypeId': 2, 'lessonTypeAbbrev': 'ЛК', 'lessonNameAbbrev': 'ГИИС', 'subGroup': 0, 'marks': [], 'controlPoint': '01.03.2026'}, {'id': 1496716, 'dateString': '25.02.2026', 'gradeBookOmissions': 0, 'isRespectfulOmission': False, 'lessonTypeId': 4, 'lessonTypeAbbrev': 'ЛР', 'lessonNameAbbrev': 'ПБЗ', 'subGroup': 2, 'marks': [], 'controlPoint': '01.03.2026'}, {'id': 1423231, 'dateString': '25.02.2026', 'gradeBookOmissions': 0, 'isRespectfulOmission': False, 'lessonTypeId': 2, 'lessonTypeAbbrev': 'ЛК', 'lessonNameAbbrev': 'ЕЯзИИС', 'subGroup': 0, 'marks': [], 'controlPoint': '01.03.2026'}, {'id': 1433561, 'dateString': '25.02.2026', 'gradeBookOmissions': 0, 'isRespectfulOmission': False, 'lessonTypeId': 3, 'lessonTypeAbbrev': 'ПЗ', 'lessonNameAbbrev': 'ОБиПвСИТ', 'subGroup': 0, 'marks': [], 'controlPoint': '01.03.2026'}, {'id': 1433781, 'dateString': '26.02.2026', 'gradeBookOmissions': 0, 'isRespectfulOmission': False, 'lessonTypeId': 4, 'lessonTypeAbbrev': 'ЛР', 'lessonNameAbbrev': 'ЕЯзИИС', 'subGroup': 2, 'marks': [], 'controlPoint': '01.03.2026'}, {'id': 1433788, 'dateString': '26.02.2026', 'gradeBookOmissions': 0, 'isRespectfulOmission': False, 'lessonTypeId': 4, 'lessonTypeAbbrev': 'ЛР', 'lessonNameAbbrev': 'ГИИС', 'subGroup': 2, 'marks': [], 'controlPoint': '01.03.2026'}, {'id': 1433786, 'dateString': '26.02.2026', 'gradeBookOmissions': 0, 'isRespectfulOmission': False, 'lessonTypeId': 2, 'lessonTypeAbbrev': 'ЛК', 'lessonNameAbbrev': 'МРЗвИС', 'subGroup': 0, 'marks': [], 'controlPoint': '01.03.2026'}, {'id': 1433784, 'dateString': '26.02.2026', 'gradeBookOmissions': 0, 'isRespectfulOmission': False, 'lessonTypeId': 3, 'lessonTypeAbbrev': 'ПЗ', 'lessonNameAbbrev': 'ФизК', 'subGroup': 0, 'marks': [], 'controlPoint': '01.03.2026'}, {'id': 1433996, 'dateString': '27.02.2026', 'gradeBookOmissions': 0, 'isRespectfulOmission': False, 'lessonTypeId': 4, 'lessonTypeAbbrev': 'ЛР', 'lessonNameAbbrev': 'ГИИС', 'subGroup': 0, 'marks': [], 'controlPoint': '01.03.2026'}, {'id': 1433995, 'dateString': '27.02.2026', 'gradeBookOmissions': 0, 'isRespectfulOmission': False, 'lessonTypeId': 2, 'lessonTypeAbbrev': 'ЛК', 'lessonNameAbbrev': 'ИАД', 'subGroup': 0, 'marks': [], 'controlPoint': '01.03.2026'}, {'id': 1433992, 'dateString': '27.02.2026', 'gradeBookOmissions': 0, 'isRespectfulOmission': False, 'lessonTypeId': 2, 'lessonTypeAbbrev': 'ЛК', 'lessonNameAbbrev': 'ОБиПвСИТ', 'subGroup': 0, 'marks': [], 'controlPoint': '01.03.2026'}, {'id': 1433993, 'dateString': '27.02.2026', 'gradeBookOmissions': 0, 'isRespectfulOmission': False, 'lessonTypeId': 4, 'lessonTypeAbbrev': 'ЛР', 'lessonNameAbbrev': 'ЕЯзИИС', 'subGroup': 0, 'marks': [], 'controlPoint': '01.03.2026'}, {'id': 1416252, 'dateString': '28.02.2026', 'gradeBookOmissions': 0, 'isRespectfulOmission': False, 'lessonTypeId': 4, 'lessonTypeAbbrev': 'ЛР', 'lessonNameAbbrev': 'ПЗИИС', 'subGroup': 2, 'marks': [], 'controlPoint': '01.03.2026'}, {'id': 1416204, 'dateString': '28.02.2026', 'gradeBookOmissions': 0, 'isRespectfulOmission': False, 'lessonTypeId': 4, 'lessonTypeAbbrev': 'ЛР', 'lessonNameAbbrev': 'ПБЗ', 'subGroup': 2, 'marks': [], 'controlPoint': '01.03.2026'}, {'id': 1496717, 'dateString': '02.03.2026', 'gradeBookOmissions': 0, 'isRespectfulOmission': False, 'lessonTypeId': 4, 'lessonTypeAbbrev': 'ЛР', 'lessonNameAbbrev': 'ПЗИИС', 'subGroup': 2, 'marks': [], 'controlPoint': '01.04.2026'}, {'id': 1434244, 'dateString': '02.03.2026', 'gradeBookOmissions': 0, 'isRespectfulOmission': False, 'lessonTypeId': 2, 'lessonTypeAbbrev': 'ЛК', 'lessonNameAbbrev': 'ПЗИИС', 'subGroup': 0, 'marks': [], 'controlPoint': '01.04.2026'}, {'id': 1434241, 'dateString': '02.03.2026', 'gradeBookOmissions': 0, 'isRespectfulOmission': False, 'lessonTypeId': 4, 'lessonTypeAbbrev': 'ЛР', 'lessonNameAbbrev': 'ИАД', 'subGroup': 0, 'marks': [], 'controlPoint': '01.04.2026'}, {'id': 1434240, 'dateString': '02.03.2026', 'gradeBookOmissions': 0, 'isRespectfulOmission': False, 'lessonTypeId': 2, 'lessonTypeAbbrev': 'ЛК', 'lessonNameAbbrev': 'ОБиПвСИТ', 'subGroup': 0, 'marks': [], 'controlPoint': '01.04.2026'}, {'id': 1434414, 'dateString': '03.03.2026', 'gradeBookOmissions': 0, 'isRespectfulOmission': False, 'lessonTypeId': 3, 'lessonTypeAbbrev': 'ПЗ', 'lessonNameAbbrev': 'ФизК', 'subGroup': 0, 'marks': [], 'controlPoint': '01.04.2026'}, {'id': 1434416, 'dateString': '03.03.2026', 'gradeBookOmissions': 0, 'isRespectfulOmission': False, 'lessonTypeId': 4, 'lessonTypeAbbrev': 'ЛР', 'lessonNameAbbrev': 'МРЗвИС', 'subGroup': 2, 'marks': [], 'controlPoint': '01.04.2026'}, {'id': 1496718, 'dateString': '03.03.2026', 'gradeBookOmissions': 0, 'isRespectfulOmission': False, 'lessonTypeId': 4, 'lessonTypeAbbrev': 'ЛР', 'lessonNameAbbrev': 'ПЗИИС', 'subGroup': 1, 'marks': [], 'controlPoint': '01.04.2026'}, {'id': 1434411, 'dateString': '03.03.2026', 'gradeBookOmissions': 0, 'isRespectfulOmission': False, 'lessonTypeId': 2, 'lessonTypeAbbrev': 'ЛК', 'lessonNameAbbrev': 'ПБЗ', 'subGroup': 0, 'marks': [], 'controlPoint': '01.04.2026'}, {'id': 1423222, 'dateString': '04.03.2026', 'gradeBookOmissions': 2, 'isRespectfulOmission': False, 'lessonTypeId': 2, 'lessonTypeAbbrev': 'ЛК', 'lessonNameAbbrev': 'ЕЯзИИС', 'subGroup': 0, 'marks': [], 'controlPoint': '01.04.2026'}, {'id': 1434620, 'dateString': '04.03.2026', 'gradeBookOmissions': 0, 'isRespectfulOmission': False, 'lessonTypeId': 2, 'lessonTypeAbbrev': 'ЛК', 'lessonNameAbbrev': 'ГИИС', 'subGroup': 0, 'marks': [], 'controlPoint': '01.04.2026'}, {'id': 1434612, 'dateString': '04.03.2026', 'gradeBookOmissions': 0, 'isRespectfulOmission': False, 'lessonTypeId': 3, 'lessonTypeAbbrev': 'ПЗ', 'lessonNameAbbrev': 'ОБиПвСИТ', 'subGroup': 0, 'marks': [], 'controlPoint': '01.04.2026'}, {'id': 1496719, 'dateString': '04.03.2026', 'gradeBookOmissions': 0, 'isRespectfulOmission': False, 'lessonTypeId': 4, 'lessonTypeAbbrev': 'ЛР', 'lessonNameAbbrev': 'ПБЗ', 'subGroup': 1, 'marks': [], 'controlPoint': '01.04.2026'}, {'id': 1434834, 'dateString': '05.03.2026', 'gradeBookOmissions': 0, 'isRespectfulOmission': False, 'lessonTypeId': 2, 'lessonTypeAbbrev': 'ЛК', 'lessonNameAbbrev': 'МРЗвИС', 'subGroup': 0, 'marks': [], 'controlPoint': '01.04.2026'}, {'id': 1434832, 'dateString': '05.03.2026', 'gradeBookOmissions': 0, 'isRespectfulOmission': False, 'lessonTypeId': 3, 'lessonTypeAbbrev': 'ПЗ', 'lessonNameAbbrev': 'ФизК', 'subGroup': 0, 'marks': [], 'controlPoint': '01.04.2026'}, {'id': 1434829, 'dateString': '05.03.2026', 'gradeBookOmissions': 0, 'isRespectfulOmission': False, 'lessonTypeId': 4, 'lessonTypeAbbrev': 'ЛР', 'lessonNameAbbrev': 'ЕЯзИИС', 'subGroup': 1, 'marks': [], 'controlPoint': '01.04.2026'}, {'id': 1434837, 'dateString': '05.03.2026', 'gradeBookOmissions': 0, 'isRespectfulOmission': False, 'lessonTypeId': 4, 'lessonTypeAbbrev': 'ЛР', 'lessonNameAbbrev': 'ГИИС', 'subGroup': 1, 'marks': [], 'controlPoint': '01.04.2026'}, {'id': 1435049, 'dateString': '06.03.2026', 'gradeBookOmissions': 0, 'isRespectfulOmission': False, 'lessonTypeId': 2, 'lessonTypeAbbrev': 'ЛК', 'lessonNameAbbrev': 'ИАД', 'subGroup': 0, 'marks': [], 'controlPoint': '01.04.2026'}, {'id': 1435047, 'dateString': '06.03.2026', 'gradeBookOmissions': 0, 'isRespectfulOmission': False, 'lessonTypeId': 4, 'lessonTypeAbbrev': 'ЛР', 'lessonNameAbbrev': 'МРЗвИС', 'subGroup': 2, 'marks': [], 'controlPoint': '01.04.2026'}, {'id': 1435050, 'dateString': '06.03.2026', 'gradeBookOmissions': 0, 'isRespectfulOmission': False, 'lessonTypeId': 4, 'lessonTypeAbbrev': 'ЛР', 'lessonNameAbbrev': 'ИАД', 'subGroup': 1, 'marks': [], 'controlPoint': '01.04.2026'}, {'id': 1435289, 'dateString': '09.03.2026', 'gradeBookOmissions': 0, 'isRespectfulOmission': False, 'lessonTypeId': 4, 'lessonTypeAbbrev': 'ЛР', 'lessonNameAbbrev': 'ИАД', 'subGroup': 2, 'marks': [9], 'controlPoint': '01.04.2026'}, {'id': 1435285, 'dateString': '09.03.2026', 'gradeBookOmissions': 0, 'isRespectfulOmission': False, 'lessonTypeId': 2, 'lessonTypeAbbrev': 'ЛК', 'lessonNameAbbrev': 'ОБиПвСИТ', 'subGroup': 0, 'marks': [], 'controlPoint': '01.04.2026'}, {'id': 1435286, 'dateString': '09.03.2026', 'gradeBookOmissions': 0, 'isRespectfulOmission': False, 'lessonTypeId': 4, 'lessonTypeAbbrev': 'ЛР', 'lessonNameAbbrev': 'МРЗвИС', 'subGroup': 0, 'marks': [8], 'controlPoint': '01.04.2026'}, {'id': 1435287, 'dateString': '09.03.2026', 'gradeBookOmissions': 0, 'isRespectfulOmission': False, 'lessonTypeId': 4, 'lessonTypeAbbrev': 'ЛР', 'lessonNameAbbrev': 'МРЗвИС', 'subGroup': 1, 'marks': [], 'controlPoint': '01.04.2026'}, {'id': 1435292, 'dateString': '09.03.2026', 'gradeBookOmissions': 0, 'isRespectfulOmission': False, 'lessonTypeId': 2, 'lessonTypeAbbrev': 'ЛК', 'lessonNameAbbrev': 'ПЗИИС', 'subGroup': 0, 'marks': [], 'controlPoint': '01.04.2026'}, {'id': 1435487, 'dateString': '10.03.2026', 'gradeBookOmissions': 0, 'isRespectfulOmission': False, 'lessonTypeId': 3, 'lessonTypeAbbrev': 'ПЗ', 'lessonNameAbbrev': 'ФизК', 'subGroup': 0, 'marks': [], 'controlPoint': '01.04.2026'}, {'id': 1496721, 'dateString': '10.03.2026', 'gradeBookOmissions': 0, 'isRespectfulOmission': False, 'lessonTypeId': 4, 'lessonTypeAbbrev': 'ЛР', 'lessonNameAbbrev': 'ЕЯзИИС', 'subGroup': 0, 'marks': [], 'controlPoint': '01.04.2026'}, {'id': 1435483, 'dateString': '10.03.2026', 'gradeBookOmissions': 0, 'isRespectfulOmission': False, 'lessonTypeId': 2, 'lessonTypeAbbrev': 'ЛК', 'lessonNameAbbrev': 'ПБЗ', 'subGroup': 0, 'marks': [], 'controlPoint': '01.04.2026'}, {'id': 1496722, 'dateString': '11.03.2026', 'gradeBookOmissions': 0, 'isRespectfulOmission': False, 'lessonTypeId': 4, 'lessonTypeAbbrev': 'ЛР', 'lessonNameAbbrev': 'ПБЗ', 'subGroup': 2, 'marks': [], 'controlPoint': '01.04.2026'}, {'id': 1423223, 'dateString': '11.03.2026', 'gradeBookOmissions': 0, 'isRespectfulOmission': False, 'lessonTypeId': 2, 'lessonTypeAbbrev': 'ЛК', 'lessonNameAbbrev': 'ЕЯзИИС', 'subGroup': 0, 'marks': [], 'controlPoint': '01.04.2026'}, {'id': 1435681, 'dateString': '11.03.2026', 'gradeBookOmissions': 0, 'isRespectfulOmission': False, 'lessonTypeId': 2, 'lessonTypeAbbrev': 'ЛК', 'lessonNameAbbrev': 'ГИИС', 'subGroup': 0, 'marks': [], 'controlPoint': '01.04.2026'}, {'id': 1435675, 'dateString': '11.03.2026', 'gradeBookOmissions': 0, 'isRespectfulOmission': False, 'lessonTypeId': 3, 'lessonTypeAbbrev': 'ПЗ', 'lessonNameAbbrev': 'ОБиПвСИТ', 'subGroup': 0, 'marks': [], 'controlPoint': '01.04.2026'}, {'id': 1435905, 'dateString': '12.03.2026', 'gradeBookOmissions': 0, 'isRespectfulOmission': False, 'lessonTypeId': 2, 'lessonTypeAbbrev': 'ЛК', 'lessonNameAbbrev': 'МРЗвИС', 'subGroup': 0, 'marks': [], 'controlPoint': '01.04.2026'}, {'id': 1435907, 'dateString': '12.03.2026', 'gradeBookOmissions': 0, 'isRespectfulOmission': False, 'lessonTypeId': 4, 'lessonTypeAbbrev': 'ЛР', 'lessonNameAbbrev': 'ГИИС', 'subGroup': 2, 'marks': [], 'controlPoint': '01.04.2026'}, {'id': 1435900, 'dateString': '12.03.2026', 'gradeBookOmissions': 0, 'isRespectfulOmission': False, 'lessonTypeId': 4, 'lessonTypeAbbrev': 'ЛР', 'lessonNameAbbrev': 'ЕЯзИИС', 'subGroup': 2, 'marks': [], 'controlPoint': '01.04.2026'}, {'id': 1435903, 'dateString': '12.03.2026', 'gradeBookOmissions': 0, 'isRespectfulOmission': False, 'lessonTypeId': 3, 'lessonTypeAbbrev': 'ПЗ', 'lessonNameAbbrev': 'ФизК', 'subGroup': 0, 'marks': [], 'controlPoint': '01.04.2026'}, {'id': 1436114, 'dateString': '13.03.2026', 'gradeBookOmissions': 0, 'isRespectfulOmission': False, 'lessonTypeId': 2, 'lessonTypeAbbrev': 'ЛК', 'lessonNameAbbrev': 'ИАД', 'subGroup': 0, 'marks': [], 'controlPoint': '01.04.2026'}, {'id': 1436111, 'dateString': '13.03.2026', 'gradeBookOmissions': 0, 'isRespectfulOmission': False, 'lessonTypeId': 3, 'lessonTypeAbbrev': 'ПЗ', 'lessonNameAbbrev': 'ОБиПвСИТ', 'subGroup': 0, 'marks': [], 'controlPoint': '01.04.2026'}, {'id': 1436116, 'dateString': '13.03.2026', 'gradeBookOmissions': 0, 'isRespectfulOmission': False, 'lessonTypeId': 4, 'lessonTypeAbbrev': 'ЛР', 'lessonNameAbbrev': 'ГИИС', 'subGroup': 0, 'marks': [], 'controlPoint': '01.04.2026'}, {'id': 1436112, 'dateString': '13.03.2026', 'gradeBookOmissions': 0, 'isRespectfulOmission': False, 'lessonTypeId': 4, 'lessonTypeAbbrev': 'ЛР', 'lessonNameAbbrev': 'ЕЯзИИС', 'subGroup': 0, 'marks': [], 'controlPoint': '01.04.2026'}, {'id': 1416205, 'dateString': '14.03.2026', 'gradeBookOmissions': 0, 'isRespectfulOmission': False, 'lessonTypeId': 4, 'lessonTypeAbbrev': 'ЛР', 'lessonNameAbbrev': 'ПБЗ', 'subGroup': 2, 'marks': [], 'controlPoint': '01.04.2026'}, {'id': 1416253, 'dateString': '14.03.2026', 'gradeBookOmissions': 0, 'isRespectfulOmission': False, 'lessonTypeId': 4, 'lessonTypeAbbrev': 'ЛР', 'lessonNameAbbrev': 'ПЗИИС', 'subGroup': 2, 'marks': [], 'controlPoint': '01.04.2026'}, {'id': 1436361, 'dateString': '16.03.2026', 'gradeBookOmissions': 0, 'isRespectfulOmission': False, 'lessonTypeId': 2, 'lessonTypeAbbrev': 'ЛК', 'lessonNameAbbrev': 'ПЗИИС', 'subGroup': 0, 'marks': [], 'controlPoint': '01.04.2026'}, {'id': 1436358, 'dateString': '16.03.2026', 'gradeBookOmissions': 0, 'isRespectfulOmission': False, 'lessonTypeId': 4, 'lessonTypeAbbrev': 'ЛР', 'lessonNameAbbrev': 'ИАД', 'subGroup': 0, 'marks': [], 'controlPoint': '01.04.2026'}, {'id': 1496725, 'dateString': '16.03.2026', 'gradeBookOmissions': 0, 'isRespectfulOmission': False, 'lessonTypeId': 4, 'lessonTypeAbbrev': 'ЛР', 'lessonNameAbbrev': 'ПЗИИС', 'subGroup': 2, 'marks': [], 'controlPoint': '01.04.2026'}, {'id': 1436357, 'dateString': '16.03.2026', 'gradeBookOmissions': 0, 'isRespectfulOmission': False, 'lessonTypeId': 2, 'lessonTypeAbbrev': 'ЛК', 'lessonNameAbbrev': 'ОБиПвСИТ', 'subGroup': 0, 'marks': [], 'controlPoint': '01.04.2026'}, {'id': 1436535, 'dateString': '17.03.2026', 'gradeBookOmissions': 0, 'isRespectfulOmission': False, 'lessonTypeId': 4, 'lessonTypeAbbrev': 'ЛР', 'lessonNameAbbrev': 'МРЗвИС', 'subGroup': 1, 'marks': [], 'controlPoint': '01.04.2026'}, {'id': 1496726, 'dateString': '17.03.2026', 'gradeBookOmissions': 0, 'isRespectfulOmission': False, 'lessonTypeId': 4, 'lessonTypeAbbrev': 'ЛР', 'lessonNameAbbrev': 'ПЗИИС', 'subGroup': 1, 'marks': [], 'controlPoint': '01.04.2026'}, {'id': 1436530, 'dateString': '17.03.2026', 'gradeBookOmissions': 0, 'isRespectfulOmission': False, 'lessonTypeId': 2, 'lessonTypeAbbrev': 'ЛК', 'lessonNameAbbrev': 'ПБЗ', 'subGroup': 0, 'marks': [], 'controlPoint': '01.04.2026'}, {'id': 1436533, 'dateString': '17.03.2026', 'gradeBookOmissions': 0, 'isRespectfulOmission': False, 'lessonTypeId': 3, 'lessonTypeAbbrev': 'ПЗ', 'lessonNameAbbrev': 'ФизК', 'subGroup': 0, 'marks': [], 'controlPoint': '01.04.2026'}, {'id': 1436743, 'dateString': '18.03.2026', 'gradeBookOmissions': 0, 'isRespectfulOmission': False, 'lessonTypeId': 2, 'lessonTypeAbbrev': 'ЛК', 'lessonNameAbbrev': 'ГИИС', 'subGroup': 0, 'marks': [], 'controlPoint': '01.04.2026'}, {'id': 1436735, 'dateString': '18.03.2026', 'gradeBookOmissions': 0, 'isRespectfulOmission': False, 'lessonTypeId': 3, 'lessonTypeAbbrev': 'ПЗ', 'lessonNameAbbrev': 'ОБиПвСИТ', 'subGroup': 0, 'marks': [], 'controlPoint': '01.04.2026'}, {'id': 1496727, 'dateString': '18.03.2026', 'gradeBookOmissions': 0, 'isRespectfulOmission': False, 'lessonTypeId': 4, 'lessonTypeAbbrev': 'ЛР', 'lessonNameAbbrev': 'ПБЗ', 'subGroup': 1, 'marks': [], 'controlPoint': '01.04.2026'}, {'id': 1423224, 'dateString': '18.03.2026', 'gradeBookOmissions': 0, 'isRespectfulOmission': False, 'lessonTypeId': 2, 'lessonTypeAbbrev': 'ЛК', 'lessonNameAbbrev': 'ЕЯзИИС', 'subGroup': 0, 'marks': [], 'controlPoint': '01.04.2026'}, {'id': 1436961, 'dateString': '19.03.2026', 'gradeBookOmissions': 0, 'isRespectfulOmission': False, 'lessonTypeId': 2, 'lessonTypeAbbrev': 'ЛК', 'lessonNameAbbrev': 'МРЗвИС', 'subGroup': 0, 'marks': [], 'controlPoint': '01.04.2026'}, {'id': 1436956, 'dateString': '19.03.2026', 'gradeBookOmissions': 0, 'isRespectfulOmission': False, 'lessonTypeId': 4, 'lessonTypeAbbrev': 'ЛР', 'lessonNameAbbrev': 'ЕЯзИИС', 'subGroup': 1, 'marks': [], 'controlPoint': '01.04.2026'}, {'id': 1436959, 'dateString': '19.03.2026', 'gradeBookOmissions': 0, 'isRespectfulOmission': False, 'lessonTypeId': 3, 'lessonTypeAbbrev': 'ПЗ', 'lessonNameAbbrev': 'ФизК', 'subGroup': 0, 'marks': [], 'controlPoint': '01.04.2026'}, {'id': 1436964, 'dateString': '19.03.2026', 'gradeBookOmissions': 0, 'isRespectfulOmission': False, 'lessonTypeId': 4, 'lessonTypeAbbrev': 'ЛР', 'lessonNameAbbrev': 'ГИИС', 'subGroup': 1, 'marks': [], 'controlPoint': '01.04.2026'}, {'id': 1437169, 'dateString': '20.03.2026', 'gradeBookOmissions': 0, 'isRespectfulOmission': False, 'lessonTypeId': 4, 'lessonTypeAbbrev': 'ЛР', 'lessonNameAbbrev': 'МРЗвИС', 'subGroup': 2, 'marks': [7], 'controlPoint': '01.04.2026'}, {'id': 1437171, 'dateString': '20.03.2026', 'gradeBookOmissions': 0, 'isRespectfulOmission': False, 'lessonTypeId': 2, 'lessonTypeAbbrev': 'ЛК', 'lessonNameAbbrev': 'ИАД', 'subGroup': 0, 'marks': [], 'controlPoint': '01.04.2026'}, {'id': 1437172, 'dateString': '20.03.2026', 'gradeBookOmissions': 0, 'isRespectfulOmission': False, 'lessonTypeId': 4, 'lessonTypeAbbrev': 'ЛР', 'lessonNameAbbrev': 'ИАД', 'subGroup': 1, 'marks': [], 'controlPoint': '01.04.2026'}, {'id': 1437403, 'dateString': '23.03.2026', 'gradeBookOmissions': 0, 'isRespectfulOmission': False, 'lessonTypeId': 4, 'lessonTypeAbbrev': 'ЛР', 'lessonNameAbbrev': 'МРЗвИС', 'subGroup': 1, 'marks': [], 'controlPoint': '01.04.2026'}, {'id': 1437401, 'dateString': '23.03.2026', 'gradeBookOmissions': 0, 'isRespectfulOmission': False, 'lessonTypeId': 2, 'lessonTypeAbbrev': 'ЛК', 'lessonNameAbbrev': 'ОБиПвСИТ', 'subGroup': 0, 'marks': [], 'controlPoint': '01.04.2026'}, {'id': 1437402, 'dateString': '23.03.2026', 'gradeBookOmissions': 0, 'isRespectfulOmission': False, 'lessonTypeId': 4, 'lessonTypeAbbrev': 'ЛР', 'lessonNameAbbrev': 'МРЗвИС', 'subGroup': 0, 'marks': [], 'controlPoint': '01.04.2026'}, {'id': 1437408, 'dateString': '23.03.2026', 'gradeBookOmissions': 0, 'isRespectfulOmission': False, 'lessonTypeId': 2, 'lessonTypeAbbrev': 'ЛК', 'lessonNameAbbrev': 'ПЗИИС', 'subGroup': 0, 'marks': [], 'controlPoint': '01.04.2026'}, {'id': 1437405, 'dateString': '23.03.2026', 'gradeBookOmissions': 0, 'isRespectfulOmission': False, 'lessonTypeId': 4, 'lessonTypeAbbrev': 'ЛР', 'lessonNameAbbrev': 'ИАД', 'subGroup': 2, 'marks': [], 'controlPoint': '01.04.2026'}, {'id': 1437605, 'dateString': '24.03.2026', 'gradeBookOmissions': 0, 'isRespectfulOmission': False, 'lessonTypeId': 3, 'lessonTypeAbbrev': 'ПЗ', 'lessonNameAbbrev': 'ФизК', 'subGroup': 0, 'marks': [], 'controlPoint': '01.04.2026'}, {'id': 1416260, 'dateString': '24.03.2026', 'gradeBookOmissions': 0, 'isRespectfulOmission': False, 'lessonTypeId': 4, 'lessonTypeAbbrev': 'ЛР', 'lessonNameAbbrev': 'ПЗИИС', 'subGroup': 0, 'marks': [], 'controlPoint': '01.04.2026'}, {'id': 1416212, 'dateString': '24.03.2026', 'gradeBookOmissions': 0, 'isRespectfulOmission': False, 'lessonTypeId': 4, 'lessonTypeAbbrev': 'ЛР', 'lessonNameAbbrev': 'ПБЗ', 'subGroup': 0, 'marks': [], 'controlPoint': '01.04.2026'}, {'id': 1437602, 'dateString': '24.03.2026', 'gradeBookOmissions': 0, 'isRespectfulOmission': False, 'lessonTypeId': 3, 'lessonTypeAbbrev': 'ПЗ', 'lessonNameAbbrev': 'ОБиПвСИТ', 'subGroup': 0, 'marks': [], 'controlPoint': '01.04.2026'}, {'id': 1423232, 'dateString': '25.03.2026', 'gradeBookOmissions': 0, 'isRespectfulOmission': False, 'lessonTypeId': 2, 'lessonTypeAbbrev': 'ЛК', 'lessonNameAbbrev': 'ЕЯзИИС', 'subGroup': 0, 'marks': [], 'controlPoint': '01.04.2026'}, {'id': 1437801, 'dateString': '25.03.2026', 'gradeBookOmissions': 0, 'isRespectfulOmission': False, 'lessonTypeId': 2, 'lessonTypeAbbrev': 'ЛК', 'lessonNameAbbrev': 'ГИИС', 'subGroup': 0, 'marks': [], 'controlPoint': '01.04.2026'}, {'id': 1437795, 'dateString': '25.03.2026', 'gradeBookOmissions': 0, 'isRespectfulOmission': False, 'lessonTypeId': 3, 'lessonTypeAbbrev': 'ПЗ', 'lessonNameAbbrev': 'ОБиПвСИТ', 'subGroup': 0, 'marks': [], 'controlPoint': '01.04.2026'}, {'id': 1496729, 'dateString': '25.03.2026', 'gradeBookOmissions': 0, 'isRespectfulOmission': False, 'lessonTypeId': 4, 'lessonTypeAbbrev': 'ЛР', 'lessonNameAbbrev': 'ПБЗ', 'subGroup': 2, 'marks': [], 'controlPoint': '01.04.2026'}, {'id': 1438018, 'dateString': '26.03.2026', 'gradeBookOmissions': 0, 'isRespectfulOmission': False, 'lessonTypeId': 3, 'lessonTypeAbbrev': 'ПЗ', 'lessonNameAbbrev': 'ФизК', 'subGroup': 0, 'marks': [], 'controlPoint': '01.04.2026'}, {'id': 1438022, 'dateString': '26.03.2026', 'gradeBookOmissions': 0, 'isRespectfulOmission': False, 'lessonTypeId': 4, 'lessonTypeAbbrev': 'ЛР', 'lessonNameAbbrev': 'ГИИС', 'subGroup': 2, 'marks': [], 'controlPoint': '01.04.2026'}, {'id': 1438015, 'dateString': '26.03.2026', 'gradeBookOmissions': 0, 'isRespectfulOmission': False, 'lessonTypeId': 4, 'lessonTypeAbbrev': 'ЛР', 'lessonNameAbbrev': 'ЕЯзИИС', 'subGroup': 2, 'marks': [], 'controlPoint': '01.04.2026'}, {'id': 1438020, 'dateString': '26.03.2026', 'gradeBookOmissions': 0, 'isRespectfulOmission': False, 'lessonTypeId': 2, 'lessonTypeAbbrev': 'ЛК', 'lessonNameAbbrev': 'МРЗвИС', 'subGroup': 0, 'marks': [], 'controlPoint': '01.04.2026'}, {'id': 1438230, 'dateString': '27.03.2026', 'gradeBookOmissions': 0, 'isRespectfulOmission': False, 'lessonTypeId': 4, 'lessonTypeAbbrev': 'ЛР', 'lessonNameAbbrev': 'ГИИС', 'subGroup': 0, 'marks': [], 'controlPoint': '01.04.2026'}, {'id': 1438226, 'dateString': '27.03.2026', 'gradeBookOmissions': 0, 'isRespectfulOmission': False, 'lessonTypeId': 2, 'lessonTypeAbbrev': 'ЛК', 'lessonNameAbbrev': 'ОБиПвСИТ', 'subGroup': 0, 'marks': [], 'controlPoint': '01.04.2026'}, {'id': 1438227, 'dateString': '27.03.2026', 'gradeBookOmissions': 0, 'isRespectfulOmission': False, 'lessonTypeId': 4, 'lessonTypeAbbrev': 'ЛР', 'lessonNameAbbrev': 'ЕЯзИИС', 'subGroup': 0, 'marks': [], 'controlPoint': '01.04.2026'}, {'id': 1438229, 'dateString': '27.03.2026', 'gradeBookOmissions': 0, 'isRespectfulOmission': False, 'lessonTypeId': 2, 'lessonTypeAbbrev': 'ЛК', 'lessonNameAbbrev': 'ИАД', 'subGroup': 0, 'marks': [], 'controlPoint': '01.04.2026'}, {'id': 1416206, 'dateString': '28.03.2026', 'gradeBookOmissions': 0, 'isRespectfulOmission': False, 'lessonTypeId': 4, 'lessonTypeAbbrev': 'ЛР', 'lessonNameAbbrev': 'ПБЗ', 'subGroup': 2, 'marks': [], 'controlPoint': '01.04.2026'}, {'id': 1416254, 'dateString': '28.03.2026', 'gradeBookOmissions': 0, 'isRespectfulOmission': False, 'lessonTypeId': 4, 'lessonTypeAbbrev': 'ЛР', 'lessonNameAbbrev': 'ПЗИИС', 'subGroup': 2, 'marks': [], 'controlPoint': '01.04.2026'}, {'id': 1438475, 'dateString': '30.03.2026', 'gradeBookOmissions': 0, 'isRespectfulOmission': False, 'lessonTypeId': 4, 'lessonTypeAbbrev': 'ЛР', 'lessonNameAbbrev': 'ИАД', 'subGroup': 0, 'marks': [], 'controlPoint': '01.04.2026'}, {'id': 1438478, 'dateString': '30.03.2026', 'gradeBookOmissions': 0, 'isRespectfulOmission': False, 'lessonTypeId': 2, 'lessonTypeAbbrev': 'ЛК', 'lessonNameAbbrev': 'ПЗИИС', 'subGroup': 0, 'marks': [], 'controlPoint': '01.04.2026'}, {'id': 1496730, 'dateString': '30.03.2026', 'gradeBookOmissions': 0, 'isRespectfulOmission': False, 'lessonTypeId': 4, 'lessonTypeAbbrev': 'ЛР', 'lessonNameAbbrev': 'ПЗИИС', 'subGroup': 2, 'marks': [], 'controlPoint': '01.04.2026'}, {'id': 1438474, 'dateString': '30.03.2026', 'gradeBookOmissions': 0, 'isRespectfulOmission': False, 'lessonTypeId': 2, 'lessonTypeAbbrev': 'ЛК', 'lessonNameAbbrev': 'ОБиПвСИТ', 'subGroup': 0, 'marks': [], 'controlPoint': '01.04.2026'}, {'id': 1438648, 'dateString': '31.03.2026', 'gradeBookOmissions': 0, 'isRespectfulOmission': False, 'lessonTypeId': 3, 'lessonTypeAbbrev': 'ПЗ', 'lessonNameAbbrev': 'ФизК', 'subGroup': 0, 'marks': [], 'controlPoint': '01.04.2026'}, {'id': 1438650, 'dateString': '31.03.2026', 'gradeBookOmissions': 0, 'isRespectfulOmission': False, 'lessonTypeId': 4, 'lessonTypeAbbrev': 'ЛР', 'lessonNameAbbrev': 'МРЗвИС', 'subGroup': 2, 'marks': [], 'controlPoint': '01.04.2026'}, {'id': 1438645, 'dateString': '31.03.2026', 'gradeBookOmissions': 0, 'isRespectfulOmission': False, 'lessonTypeId': 2, 'lessonTypeAbbrev': 'ЛК', 'lessonNameAbbrev': 'ПБЗ', 'subGroup': 0, 'marks': [], 'controlPoint': '01.04.2026'}, {'id': 1496731, 'dateString': '31.03.2026', 'gradeBookOmissions': 0, 'isRespectfulOmission': False, 'lessonTypeId': 4, 'lessonTypeAbbrev': 'ЛР', 'lessonNameAbbrev': 'ПЗИИС', 'subGroup': 1, 'marks': [], 'controlPoint': '01.04.2026'}, {'id': 1438854, 'dateString': '01.04.2026', 'gradeBookOmissions': 0, 'isRespectfulOmission': False, 'lessonTypeId': 2, 'lessonTypeAbbrev': 'ЛК', 'lessonNameAbbrev': 'ГИИС', 'subGroup': 0, 'marks': [], 'controlPoint': '01.05.2026'}, {'id': 1438846, 'dateString': '01.04.2026', 'gradeBookOmissions': 0, 'isRespectfulOmission': False, 'lessonTypeId': 3, 'lessonTypeAbbrev': 'ПЗ', 'lessonNameAbbrev': 'ОБиПвСИТ', 'subGroup': 0, 'marks': [], 'controlPoint': '01.05.2026'}, {'id': 1496732, 'dateString': '01.04.2026', 'gradeBookOmissions': 0, 'isRespectfulOmission': False, 'lessonTypeId': 4, 'lessonTypeAbbrev': 'ЛР', 'lessonNameAbbrev': 'ПБЗ', 'subGroup': 1, 'marks': [], 'controlPoint': '01.05.2026'}, {'id': 1423225, 'dateString': '01.04.2026', 'gradeBookOmissions': 0, 'isRespectfulOmission': False, 'lessonTypeId': 2, 'lessonTypeAbbrev': 'ЛК', 'lessonNameAbbrev': 'ЕЯзИИС', 'subGroup': 0, 'marks': [], 'controlPoint': '01.05.2026'}, {'id': 1439063, 'dateString': '02.04.2026', 'gradeBookOmissions': 0, 'isRespectfulOmission': False, 'lessonTypeId': 4, 'lessonTypeAbbrev': 'ЛР', 'lessonNameAbbrev': 'ЕЯзИИС', 'subGroup': 1, 'marks': [], 'controlPoint': '01.05.2026'}, {'id': 1439066, 'dateString': '02.04.2026', 'gradeBookOmissions': 0, 'isRespectfulOmission': False, 'lessonTypeId': 3, 'lessonTypeAbbrev': 'ПЗ', 'lessonNameAbbrev': 'ФизК', 'subGroup': 0, 'marks': [], 'controlPoint': '01.05.2026'}, {'id': 1439068, 'dateString': '02.04.2026', 'gradeBookOmissions': 0, 'isRespectfulOmission': False, 'lessonTypeId': 2, 'lessonTypeAbbrev': 'ЛК', 'lessonNameAbbrev': 'МРЗвИС', 'subGroup': 0, 'marks': [], 'controlPoint': '01.05.2026'}, {'id': 1439071, 'dateString': '02.04.2026', 'gradeBookOmissions': 0, 'isRespectfulOmission': False, 'lessonTypeId': 4, 'lessonTypeAbbrev': 'ЛР', 'lessonNameAbbrev': 'ГИИС', 'subGroup': 1, 'marks': [], 'controlPoint': '01.05.2026'}, {'id': 1439284, 'dateString': '03.04.2026', 'gradeBookOmissions': 0, 'isRespectfulOmission': False, 'lessonTypeId': 4, 'lessonTypeAbbrev': 'ЛР', 'lessonNameAbbrev': 'ИАД', 'subGroup': 1, 'marks': [], 'controlPoint': '01.05.2026'}, {'id': 1439283, 'dateString': '03.04.2026', 'gradeBookOmissions': 0, 'isRespectfulOmission': False, 'lessonTypeId': 2, 'lessonTypeAbbrev': 'ЛК', 'lessonNameAbbrev': 'ИАД', 'subGroup': 0, 'marks': [], 'controlPoint': '01.05.2026'}, {'id': 1439281, 'dateString': '03.04.2026', 'gradeBookOmissions': 0, 'isRespectfulOmission': False, 'lessonTypeId': 4, 'lessonTypeAbbrev': 'ЛР', 'lessonNameAbbrev': 'МРЗвИС', 'subGroup': 2, 'marks': [], 'controlPoint': '01.05.2026'}, {'id': 1439521, 'dateString': '06.04.2026', 'gradeBookOmissions': 0, 'isRespectfulOmission': False, 'lessonTypeId': 4, 'lessonTypeAbbrev': 'ЛР', 'lessonNameAbbrev': 'МРЗвИС', 'subGroup': 1, 'marks': [], 'controlPoint': '01.05.2026'}, {'id': 1439519, 'dateString': '06.04.2026', 'gradeBookOmissions': 0, 'isRespectfulOmission': False, 'lessonTypeId': 2, 'lessonTypeAbbrev': 'ЛК', 'lessonNameAbbrev': 'ОБиПвСИТ', 'subGroup': 0, 'marks': [], 'controlPoint': '01.05.2026'}, {'id': 1439520, 'dateString': '06.04.2026', 'gradeBookOmissions': 0, 'isRespectfulOmission': False, 'lessonTypeId': 4, 'lessonTypeAbbrev': 'ЛР', 'lessonNameAbbrev': 'МРЗвИС', 'subGroup': 0, 'marks': [], 'controlPoint': '01.05.2026'}, {'id': 1439523, 'dateString': '06.04.2026', 'gradeBookOmissions': 0, 'isRespectfulOmission': False, 'lessonTypeId': 4, 'lessonTypeAbbrev': 'ЛР', 'lessonNameAbbrev': 'ИАД', 'subGroup': 2, 'marks': [], 'controlPoint': '01.05.2026'}, {'id': 1439526, 'dateString': '06.04.2026', 'gradeBookOmissions': 0, 'isRespectfulOmission': False, 'lessonTypeId': 2, 'lessonTypeAbbrev': 'ЛК', 'lessonNameAbbrev': 'ПЗИИС', 'subGroup': 0, 'marks': [], 'controlPoint': '01.05.2026'}, {'id': 1439717, 'dateString': '07.04.2026', 'gradeBookOmissions': 0, 'isRespectfulOmission': False, 'lessonTypeId': 2, 'lessonTypeAbbrev': 'ЛК', 'lessonNameAbbrev': 'ПБЗ', 'subGroup': 0, 'marks': [], 'controlPoint': '01.05.2026'}, {'id': 1439721, 'dateString': '07.04.2026', 'gradeBookOmissions': 0, 'isRespectfulOmission': False, 'lessonTypeId': 3, 'lessonTypeAbbrev': 'ПЗ', 'lessonNameAbbrev': 'ФизК', 'subGroup': 0, 'marks': [], 'controlPoint': '01.05.2026'}, {'id': 1496734, 'dateString': '07.04.2026', 'gradeBookOmissions': 0, 'isRespectfulOmission': False, 'lessonTypeId': 4, 'lessonTypeAbbrev': 'ЛР', 'lessonNameAbbrev': 'ЕЯзИИС', 'subGroup': 0, 'marks': [], 'controlPoint': '01.05.2026'}, {'id': 1423226, 'dateString': '08.04.2026', 'gradeBookOmissions': 0, 'isRespectfulOmission': False, 'lessonTypeId': 2, 'lessonTypeAbbrev': 'ЛК', 'lessonNameAbbrev': 'ЕЯзИИС', 'subGroup': 0, 'marks': [], 'controlPoint': '01.05.2026'}, {'id': 1439915, 'dateString': '08.04.2026', 'gradeBookOmissions': 0, 'isRespectfulOmission': False, 'lessonTypeId': 2, 'lessonTypeAbbrev': 'ЛК', 'lessonNameAbbrev': 'ГИИС', 'subGroup': 0, 'marks': [], 'controlPoint': '01.05.2026'}, {'id': 1496735, 'dateString': '08.04.2026', 'gradeBookOmissions': 0, 'isRespectfulOmission': False, 'lessonTypeId': 4, 'lessonTypeAbbrev': 'ЛР', 'lessonNameAbbrev': 'ПБЗ', 'subGroup': 2, 'marks': [], 'controlPoint': '01.05.2026'}, {'id': 1439909, 'dateString': '08.04.2026', 'gradeBookOmissions': 0, 'isRespectfulOmission': False, 'lessonTypeId': 3, 'lessonTypeAbbrev': 'ПЗ', 'lessonNameAbbrev': 'ОБиПвСИТ', 'subGroup': 0, 'marks': [], 'controlPoint': '01.05.2026'}, {'id': 1440137, 'dateString': '09.04.2026', 'gradeBookOmissions': 0, 'isRespectfulOmission': False, 'lessonTypeId': 3, 'lessonTypeAbbrev': 'ПЗ', 'lessonNameAbbrev': 'ФизК', 'subGroup': 0, 'marks': [], 'controlPoint': '01.05.2026'}, {'id': 1440134, 'dateString': '09.04.2026', 'gradeBookOmissions': 0, 'isRespectfulOmission': False, 'lessonTypeId': 4, 'lessonTypeAbbrev': 'ЛР', 'lessonNameAbbrev': 'ЕЯзИИС', 'subGroup': 2, 'marks': [], 'controlPoint': '01.05.2026'}, {'id': 1440139, 'dateString': '09.04.2026', 'gradeBookOmissions': 0, 'isRespectfulOmission': False, 'lessonTypeId': 2, 'lessonTypeAbbrev': 'ЛК', 'lessonNameAbbrev': 'МРЗвИС', 'subGroup': 0, 'marks': [], 'controlPoint': '01.05.2026'}, {'id': 1440141, 'dateString': '09.04.2026', 'gradeBookOmissions': 0, 'isRespectfulOmission': False, 'lessonTypeId': 4, 'lessonTypeAbbrev': 'ЛР', 'lessonNameAbbrev': 'ГИИС', 'subGroup': 2, 'marks': [], 'controlPoint': '01.05.2026'}, {'id': 1440345, 'dateString': '10.04.2026', 'gradeBookOmissions': 0, 'isRespectfulOmission': False, 'lessonTypeId': 3, 'lessonTypeAbbrev': 'ПЗ', 'lessonNameAbbrev': 'ОБиПвСИТ', 'subGroup': 0, 'marks': [], 'controlPoint': '01.05.2026'}, {'id': 1440350, 'dateString': '10.04.2026', 'gradeBookOmissions': 0, 'isRespectfulOmission': False, 'lessonTypeId': 4, 'lessonTypeAbbrev': 'ЛР', 'lessonNameAbbrev': 'ГИИС', 'subGroup': 0, 'marks': [], 'controlPoint': '01.05.2026'}, {'id': 1440348, 'dateString': '10.04.2026', 'gradeBookOmissions': 0, 'isRespectfulOmission': False, 'lessonTypeId': 2, 'lessonTypeAbbrev': 'ЛК', 'lessonNameAbbrev': 'ИАД', 'subGroup': 0, 'marks': [], 'controlPoint': '01.05.2026'}, {'id': 1440346, 'dateString': '10.04.2026', 'gradeBookOmissions': 0, 'isRespectfulOmission': False, 'lessonTypeId': 4, 'lessonTypeAbbrev': 'ЛР', 'lessonNameAbbrev': 'ЕЯзИИС', 'subGroup': 0, 'marks': [], 'controlPoint': '01.05.2026'}, {'id': 1416207, 'dateString': '11.04.2026', 'gradeBookOmissions': 0, 'isRespectfulOmission': False, 'lessonTypeId': 4, 'lessonTypeAbbrev': 'ЛР', 'lessonNameAbbrev': 'ПБЗ', 'subGroup': 2, 'marks': [], 'controlPoint': '01.05.2026'}, {'id': 1416255, 'dateString': '11.04.2026', 'gradeBookOmissions': 0, 'isRespectfulOmission': False, 'lessonTypeId': 4, 'lessonTypeAbbrev': 'ЛР', 'lessonNameAbbrev': 'ПЗИИС', 'subGroup': 2, 'marks': [], 'controlPoint': '01.05.2026'}, {'id': 1496738, 'dateString': '13.04.2026', 'gradeBookOmissions': 0, 'isRespectfulOmission': False, 'lessonTypeId': 4, 'lessonTypeAbbrev': 'ЛР', 'lessonNameAbbrev': 'ПЗИИС', 'subGroup': 2, 'marks': [], 'controlPoint': '01.05.2026'}, {'id': 1440592, 'dateString': '13.04.2026', 'gradeBookOmissions': 0, 'isRespectfulOmission': False, 'lessonTypeId': 4, 'lessonTypeAbbrev': 'ЛР', 'lessonNameAbbrev': 'ИАД', 'subGroup': 0, 'marks': [], 'controlPoint': '01.05.2026'}, {'id': 1440591, 'dateString': '13.04.2026', 'gradeBookOmissions': 0, 'isRespectfulOmission': False, 'lessonTypeId': 2, 'lessonTypeAbbrev': 'ЛК', 'lessonNameAbbrev': 'ОБиПвСИТ', 'subGroup': 0, 'marks': [], 'controlPoint': '01.05.2026'}, {'id': 1440595, 'dateString': '13.04.2026', 'gradeBookOmissions': 0, 'isRespectfulOmission': False, 'lessonTypeId': 2, 'lessonTypeAbbrev': 'ЛК', 'lessonNameAbbrev': 'ПЗИИС', 'subGroup': 0, 'marks': [], 'controlPoint': '01.05.2026'}, {'id': 1440767, 'dateString': '14.04.2026', 'gradeBookOmissions': 0, 'isRespectfulOmission': False, 'lessonTypeId': 3, 'lessonTypeAbbrev': 'ПЗ', 'lessonNameAbbrev': 'ФизК', 'subGroup': 0, 'marks': [], 'controlPoint': '01.05.2026'}, {'id': 1440769, 'dateString': '14.04.2026', 'gradeBookOmissions': 0, 'isRespectfulOmission': False, 'lessonTypeId': 4, 'lessonTypeAbbrev': 'ЛР', 'lessonNameAbbrev': 'МРЗвИС', 'subGroup': 1, 'marks': [], 'controlPoint': '01.05.2026'}, {'id': 1440764, 'dateString': '14.04.2026', 'gradeBookOmissions': 0, 'isRespectfulOmission': False, 'lessonTypeId': 2, 'lessonTypeAbbrev': 'ЛК', 'lessonNameAbbrev': 'ПБЗ', 'subGroup': 0, 'marks': [], 'controlPoint': '01.05.2026'}, {'id': 1496739, 'dateString': '14.04.2026', 'gradeBookOmissions': 0, 'isRespectfulOmission': False, 'lessonTypeId': 4, 'lessonTypeAbbrev': 'ЛР', 'lessonNameAbbrev': 'ПЗИИС', 'subGroup': 1, 'marks': [], 'controlPoint': '01.05.2026'}, {'id': 1440977, 'dateString': '15.04.2026', 'gradeBookOmissions': 0, 'isRespectfulOmission': False, 'lessonTypeId': 2, 'lessonTypeAbbrev': 'ЛК', 'lessonNameAbbrev': 'ГИИС', 'subGroup': 0, 'marks': [], 'controlPoint': '01.05.2026'}, {'id': 1440969, 'dateString': '15.04.2026', 'gradeBookOmissions': 0, 'isRespectfulOmission': False, 'lessonTypeId': 3, 'lessonTypeAbbrev': 'ПЗ', 'lessonNameAbbrev': 'ОБиПвСИТ', 'subGroup': 0, 'marks': [], 'controlPoint': '01.05.2026'}, {'id': 1496740, 'dateString': '15.04.2026', 'gradeBookOmissions': 0, 'isRespectfulOmission': False, 'lessonTypeId': 4, 'lessonTypeAbbrev': 'ЛР', 'lessonNameAbbrev': 'ПБЗ', 'subGroup': 1, 'marks': [], 'controlPoint': '01.05.2026'}, {'id': 1423227, 'dateString': '15.04.2026', 'gradeBookOmissions': 0, 'isRespectfulOmission': False, 'lessonTypeId': 2, 'lessonTypeAbbrev': 'ЛК', 'lessonNameAbbrev': 'ЕЯзИИС', 'subGroup': 0, 'marks': [], 'controlPoint': '01.05.2026'}, {'id': 1441195, 'dateString': '16.04.2026', 'gradeBookOmissions': 0, 'isRespectfulOmission': False, 'lessonTypeId': 2, 'lessonTypeAbbrev': 'ЛК', 'lessonNameAbbrev': 'МРЗвИС', 'subGroup': 0, 'marks': [], 'controlPoint': '01.05.2026'}, {'id': 1441198, 'dateString': '16.04.2026', 'gradeBookOmissions': 0, 'isRespectfulOmission': False, 'lessonTypeId': 4, 'lessonTypeAbbrev': 'ЛР', 'lessonNameAbbrev': 'ГИИС', 'subGroup': 1, 'marks': [], 'controlPoint': '01.05.2026'}, {'id': 1441190, 'dateString': '16.04.2026', 'gradeBookOmissions': 0, 'isRespectfulOmission': False, 'lessonTypeId': 4, 'lessonTypeAbbrev': 'ЛР', 'lessonNameAbbrev': 'ЕЯзИИС', 'subGroup': 1, 'marks': [], 'controlPoint': '01.05.2026'}, {'id': 1441193, 'dateString': '16.04.2026', 'gradeBookOmissions': 0, 'isRespectfulOmission': False, 'lessonTypeId': 3, 'lessonTypeAbbrev': 'ПЗ', 'lessonNameAbbrev': 'ФизК', 'subGroup': 0, 'marks': [], 'controlPoint': '01.05.2026'}, {'id': 1441405, 'dateString': '17.04.2026', 'gradeBookOmissions': 0, 'isRespectfulOmission': False, 'lessonTypeId': 2, 'lessonTypeAbbrev': 'ЛК', 'lessonNameAbbrev': 'ИАД', 'subGroup': 0, 'marks': [], 'controlPoint': '01.05.2026'}, {'id': 1441403, 'dateString': '17.04.2026', 'gradeBookOmissions': 0, 'isRespectfulOmission': False, 'lessonTypeId': 4, 'lessonTypeAbbrev': 'ЛР', 'lessonNameAbbrev': 'МРЗвИС', 'subGroup': 2, 'marks': [], 'controlPoint': '01.05.2026'}, {'id': 1441406, 'dateString': '17.04.2026', 'gradeBookOmissions': 0, 'isRespectfulOmission': False, 'lessonTypeId': 4, 'lessonTypeAbbrev': 'ЛР', 'lessonNameAbbrev': 'ИАД', 'subGroup': 1, 'marks': [], 'controlPoint': '01.05.2026'}, {'id': 1441637, 'dateString': '20.04.2026', 'gradeBookOmissions': 0, 'isRespectfulOmission': False, 'lessonTypeId': 4, 'lessonTypeAbbrev': 'ЛР', 'lessonNameAbbrev': 'МРЗвИС', 'subGroup': 1, 'marks': [], 'controlPoint': '01.05.2026'}, {'id': 1441642, 'dateString': '20.04.2026', 'gradeBookOmissions': 0, 'isRespectfulOmission': False, 'lessonTypeId': 2, 'lessonTypeAbbrev': 'ЛК', 'lessonNameAbbrev': 'ПЗИИС', 'subGroup': 0, 'marks': [], 'controlPoint': '01.05.2026'}, {'id': 1441635, 'dateString': '20.04.2026', 'gradeBookOmissions': 0, 'isRespectfulOmission': False, 'lessonTypeId': 2, 'lessonTypeAbbrev': 'ЛК', 'lessonNameAbbrev': 'ОБиПвСИТ', 'subGroup': 0, 'marks': [], 'controlPoint': '01.05.2026'}, {'id': 1441636, 'dateString': '20.04.2026', 'gradeBookOmissions': 0, 'isRespectfulOmission': False, 'lessonTypeId': 4, 'lessonTypeAbbrev': 'ЛР', 'lessonNameAbbrev': 'МРЗвИС', 'subGroup': 0, 'marks': [], 'controlPoint': '01.05.2026'}, {'id': 1441639, 'dateString': '20.04.2026', 'gradeBookOmissions': 0, 'isRespectfulOmission': False, 'lessonTypeId': 4, 'lessonTypeAbbrev': 'ЛР', 'lessonNameAbbrev': 'ИАД', 'subGroup': 2, 'marks': [], 'controlPoint': '01.05.2026'}, {'id': 1441836, 'dateString': '21.04.2026', 'gradeBookOmissions': 0, 'isRespectfulOmission': False, 'lessonTypeId': 3, 'lessonTypeAbbrev': 'ПЗ', 'lessonNameAbbrev': 'ОБиПвСИТ', 'subGroup': 0, 'marks': [], 'controlPoint': '01.05.2026'}, {'id': 1416261, 'dateString': '21.04.2026', 'gradeBookOmissions': 0, 'isRespectfulOmission': False, 'lessonTypeId': 4, 'lessonTypeAbbrev': 'ЛР', 'lessonNameAbbrev': 'ПЗИИС', 'subGroup': 0, 'marks': [], 'controlPoint': '01.05.2026'}, {'id': 1416213, 'dateString': '21.04.2026', 'gradeBookOmissions': 0, 'isRespectfulOmission': False, 'lessonTypeId': 4, 'lessonTypeAbbrev': 'ЛР', 'lessonNameAbbrev': 'ПБЗ', 'subGroup': 0, 'marks': [], 'controlPoint': '01.05.2026'}, {'id': 1441839, 'dateString': '21.04.2026', 'gradeBookOmissions': 0, 'isRespectfulOmission': False, 'lessonTypeId': 3, 'lessonTypeAbbrev': 'ПЗ', 'lessonNameAbbrev': 'ФизК', 'subGroup': 0, 'marks': [], 'controlPoint': '01.05.2026'}, {'id': 1423233, 'dateString': '22.04.2026', 'gradeBookOmissions': 0, 'isRespectfulOmission': False, 'lessonTypeId': 2, 'lessonTypeAbbrev': 'ЛК', 'lessonNameAbbrev': 'ЕЯзИИС', 'subGroup': 0, 'marks': [], 'controlPoint': '01.05.2026'}, {'id': 1442029, 'dateString': '22.04.2026', 'gradeBookOmissions': 0, 'isRespectfulOmission': False, 'lessonTypeId': 3, 'lessonTypeAbbrev': 'ПЗ', 'lessonNameAbbrev': 'ОБиПвСИТ', 'subGroup': 0, 'marks': [], 'controlPoint': '01.05.2026'}, {'id': 1442035, 'dateString': '22.04.2026', 'gradeBookOmissions': 0, 'isRespectfulOmission': False, 'lessonTypeId': 2, 'lessonTypeAbbrev': 'ЛК', 'lessonNameAbbrev': 'ГИИС', 'subGroup': 0, 'marks': [], 'controlPoint': '01.05.2026'}, {'id': 1496742, 'dateString': '22.04.2026', 'gradeBookOmissions': 0, 'isRespectfulOmission': False, 'lessonTypeId': 4, 'lessonTypeAbbrev': 'ЛР', 'lessonNameAbbrev': 'ПБЗ', 'subGroup': 2, 'marks': [], 'controlPoint': '01.05.2026'}, {'id': 1442249, 'dateString': '23.04.2026', 'gradeBookOmissions': 0, 'isRespectfulOmission': False, 'lessonTypeId': 4, 'lessonTypeAbbrev': 'ЛР', 'lessonNameAbbrev': 'ЕЯзИИС', 'subGroup': 2, 'marks': [], 'controlPoint': '01.05.2026'}, {'id': 1442256, 'dateString': '23.04.2026', 'gradeBookOmissions': 0, 'isRespectfulOmission': False, 'lessonTypeId': 4, 'lessonTypeAbbrev': 'ЛР', 'lessonNameAbbrev': 'ГИИС', 'subGroup': 2, 'marks': [], 'controlPoint': '01.05.2026'}, {'id': 1442254, 'dateString': '23.04.2026', 'gradeBookOmissions': 0, 'isRespectfulOmission': False, 'lessonTypeId': 2, 'lessonTypeAbbrev': 'ЛК', 'lessonNameAbbrev': 'МРЗвИС', 'subGroup': 0, 'marks': [], 'controlPoint': '01.05.2026'}, {'id': 1442252, 'dateString': '23.04.2026', 'gradeBookOmissions': 0, 'isRespectfulOmission': False, 'lessonTypeId': 3, 'lessonTypeAbbrev': 'ПЗ', 'lessonNameAbbrev': 'ФизК', 'subGroup': 0, 'marks': [], 'controlPoint': '01.05.2026'}, {'id': 1442464, 'dateString': '24.04.2026', 'gradeBookOmissions': 0, 'isRespectfulOmission': False, 'lessonTypeId': 4, 'lessonTypeAbbrev': 'ЛР', 'lessonNameAbbrev': 'ГИИС', 'subGroup': 0, 'marks': [], 'controlPoint': '01.05.2026'}, {'id': 1442463, 'dateString': '24.04.2026', 'gradeBookOmissions': 0, 'isRespectfulOmission': False, 'lessonTypeId': 2, 'lessonTypeAbbrev': 'ЛК', 'lessonNameAbbrev': 'ИАД', 'subGroup': 0, 'marks': [], 'controlPoint': '01.05.2026'}, {'id': 1442461, 'dateString': '24.04.2026', 'gradeBookOmissions': 0, 'isRespectfulOmission': False, 'lessonTypeId': 4, 'lessonTypeAbbrev': 'ЛР', 'lessonNameAbbrev': 'ЕЯзИИС', 'subGroup': 0, 'marks': [], 'controlPoint': '01.05.2026'}, {'id': 1442460, 'dateString': '24.04.2026', 'gradeBookOmissions': 0, 'isRespectfulOmission': False, 'lessonTypeId': 2, 'lessonTypeAbbrev': 'ЛК', 'lessonNameAbbrev': 'ОБиПвСИТ', 'subGroup': 0, 'marks': [], 'controlPoint': '01.05.2026'}, {'id': 1416208, 'dateString': '25.04.2026', 'gradeBookOmissions': 0, 'isRespectfulOmission': False, 'lessonTypeId': 4, 'lessonTypeAbbrev': 'ЛР', 'lessonNameAbbrev': 'ПБЗ', 'subGroup': 2, 'marks': [], 'controlPoint': '01.05.2026'}, {'id': 1416256, 'dateString': '25.04.2026', 'gradeBookOmissions': 0, 'isRespectfulOmission': False, 'lessonTypeId': 4, 'lessonTypeAbbrev': 'ЛР', 'lessonNameAbbrev': 'ПЗИИС', 'subGroup': 2, 'marks': [], 'controlPoint': '01.05.2026'}, {'id': 1442712, 'dateString': '27.04.2026', 'gradeBookOmissions': 0, 'isRespectfulOmission': False, 'lessonTypeId': 2, 'lessonTypeAbbrev': 'ЛК', 'lessonNameAbbrev': 'ПЗИИС', 'subGroup': 0, 'marks': [], 'controlPoint': '01.05.2026'}, {'id': 1442709, 'dateString': '27.04.2026', 'gradeBookOmissions': 0, 'isRespectfulOmission': False, 'lessonTypeId': 4, 'lessonTypeAbbrev': 'ЛР', 'lessonNameAbbrev': 'ИАД', 'subGroup': 0, 'marks': [], 'controlPoint': '01.05.2026'}, {'id': 1496743, 'dateString': '27.04.2026', 'gradeBookOmissions': 0, 'isRespectfulOmission': False, 'lessonTypeId': 4, 'lessonTypeAbbrev': 'ЛР', 'lessonNameAbbrev': 'ПЗИИС', 'subGroup': 2, 'marks': [], 'controlPoint': '01.05.2026'}, {'id': 1442708, 'dateString': '27.04.2026', 'gradeBookOmissions': 0, 'isRespectfulOmission': False, 'lessonTypeId': 2, 'lessonTypeAbbrev': 'ЛК', 'lessonNameAbbrev': 'ОБиПвСИТ', 'subGroup': 0, 'marks': [], 'controlPoint': '01.05.2026'}, {'id': 1442882, 'dateString': '28.04.2026', 'gradeBookOmissions': 0, 'isRespectfulOmission': False, 'lessonTypeId': 3, 'lessonTypeAbbrev': 'ПЗ', 'lessonNameAbbrev': 'ФизК', 'subGroup': 0, 'marks': [], 'controlPoint': '01.05.2026'}, {'id': 1496744, 'dateString': '28.04.2026', 'gradeBookOmissions': 0, 'isRespectfulOmission': False, 'lessonTypeId': 4, 'lessonTypeAbbrev': 'ЛР', 'lessonNameAbbrev': 'ПЗИИС', 'subGroup': 1, 'marks': [], 'controlPoint': '01.05.2026'}, {'id': 1442879, 'dateString': '28.04.2026', 'gradeBookOmissions': 0, 'isRespectfulOmission': False, 'lessonTypeId': 2, 'lessonTypeAbbrev': 'ЛК', 'lessonNameAbbrev': 'ПБЗ', 'subGroup': 0, 'marks': [], 'controlPoint': '01.05.2026'}, {'id': 1442884, 'dateString': '28.04.2026', 'gradeBookOmissions': 0, 'isRespectfulOmission': False, 'lessonTypeId': 4, 'lessonTypeAbbrev': 'ЛР', 'lessonNameAbbrev': 'МРЗвИС', 'subGroup': 2, 'marks': [], 'controlPoint': '01.05.2026'}, {'id': 1423228, 'dateString': '29.04.2026', 'gradeBookOmissions': 0, 'isRespectfulOmission': False, 'lessonTypeId': 2, 'lessonTypeAbbrev': 'ЛК', 'lessonNameAbbrev': 'ЕЯзИИС', 'subGroup': 0, 'marks': [], 'controlPoint': '01.05.2026'}, {'id': 1443080, 'dateString': '29.04.2026', 'gradeBookOmissions': 0, 'isRespectfulOmission': False, 'lessonTypeId': 3, 'lessonTypeAbbrev': 'ПЗ', 'lessonNameAbbrev': 'ОБиПвСИТ', 'subGroup': 0, 'marks': [], 'controlPoint': '01.05.2026'}, {'id': 1443088, 'dateString': '29.04.2026', 'gradeBookOmissions': 0, 'isRespectfulOmission': False, 'lessonTypeId': 2, 'lessonTypeAbbrev': 'ЛК', 'lessonNameAbbrev': 'ГИИС', 'subGroup': 0, 'marks': [], 'controlPoint': '01.05.2026'}, {'id': 1496745, 'dateString': '29.04.2026', 'gradeBookOmissions': 0, 'isRespectfulOmission': False, 'lessonTypeId': 4, 'lessonTypeAbbrev': 'ЛР', 'lessonNameAbbrev': 'ПБЗ', 'subGroup': 1, 'marks': [], 'controlPoint': '01.05.2026'}, {'id': 1443302, 'dateString': '30.04.2026', 'gradeBookOmissions': 0, 'isRespectfulOmission': False, 'lessonTypeId': 2, 'lessonTypeAbbrev': 'ЛК', 'lessonNameAbbrev': 'МРЗвИС', 'subGroup': 0, 'marks': [], 'controlPoint': '01.05.2026'}, {'id': 1443305, 'dateString': '30.04.2026', 'gradeBookOmissions': 0, 'isRespectfulOmission': False, 'lessonTypeId': 4, 'lessonTypeAbbrev': 'ЛР', 'lessonNameAbbrev': 'ГИИС', 'subGroup': 1, 'marks': [], 'controlPoint': '01.05.2026'}, {'id': 1443300, 'dateString': '30.04.2026', 'gradeBookOmissions': 0, 'isRespectfulOmission': False, 'lessonTypeId': 3, 'lessonTypeAbbrev': 'ПЗ', 'lessonNameAbbrev': 'ФизК', 'subGroup': 0, 'marks': [], 'controlPoint': '01.05.2026'}, {'id': 1443297, 'dateString': '30.04.2026', 'gradeBookOmissions': 0, 'isRespectfulOmission': False, 'lessonTypeId': 4, 'lessonTypeAbbrev': 'ЛР', 'lessonNameAbbrev': 'ЕЯзИИС', 'subGroup': 1, 'marks': [], 'controlPoint': '01.05.2026'}, {'id': 1443516, 'dateString': '01.05.2026', 'gradeBookOmissions': 0, 'isRespectfulOmission': False, 'lessonTypeId': 4, 'lessonTypeAbbrev': 'ЛР', 'lessonNameAbbrev': 'ИАД', 'subGroup': 1, 'marks': [], 'controlPoint': 'Вне КТ'}, {'id': 1443515, 'dateString': '01.05.2026', 'gradeBookOmissions': 0, 'isRespectfulOmission': False, 'lessonTypeId': 2, 'lessonTypeAbbrev': 'ЛК', 'lessonNameAbbrev': 'ИАД', 'subGroup': 0, 'marks': [], 'controlPoint': 'Вне КТ'}, {'id': 1443513, 'dateString': '01.05.2026', 'gradeBookOmissions': 0, 'isRespectfulOmission': False, 'lessonTypeId': 4, 'lessonTypeAbbrev': 'ЛР', 'lessonNameAbbrev': 'МРЗвИС', 'subGroup': 2, 'marks': [], 'controlPoint': 'Вне КТ'}, {'id': 1443753, 'dateString': '04.05.2026', 'gradeBookOmissions': 0, 'isRespectfulOmission': False, 'lessonTypeId': 4, 'lessonTypeAbbrev': 'ЛР', 'lessonNameAbbrev': 'МРЗвИС', 'subGroup': 1, 'marks': [], 'controlPoint': 'Вне КТ'}, {'id': 1443755, 'dateString': '04.05.2026', 'gradeBookOmissions': 0, 'isRespectfulOmission': False, 'lessonTypeId': 4, 'lessonTypeAbbrev': 'ЛР', 'lessonNameAbbrev': 'ИАД', 'subGroup': 2, 'marks': [], 'controlPoint': 'Вне КТ'}, {'id': 1443751, 'dateString': '04.05.2026', 'gradeBookOmissions': 0, 'isRespectfulOmission': False, 'lessonTypeId': 2, 'lessonTypeAbbrev': 'ЛК', 'lessonNameAbbrev': 'ОБиПвСИТ', 'subGroup': 0, 'marks': [], 'controlPoint': 'Вне КТ'}, {'id': 1443758, 'dateString': '04.05.2026', 'gradeBookOmissions': 0, 'isRespectfulOmission': False, 'lessonTypeId': 2, 'lessonTypeAbbrev': 'ЛК', 'lessonNameAbbrev': 'ПЗИИС', 'subGroup': 0, 'marks': [], 'controlPoint': 'Вне КТ'}, {'id': 1443752, 'dateString': '04.05.2026', 'gradeBookOmissions': 0, 'isRespectfulOmission': False, 'lessonTypeId': 4, 'lessonTypeAbbrev': 'ЛР', 'lessonNameAbbrev': 'МРЗвИС', 'subGroup': 0, 'marks': [], 'controlPoint': 'Вне КТ'}, {'id': 1443953, 'dateString': '05.05.2026', 'gradeBookOmissions': 0, 'isRespectfulOmission': False, 'lessonTypeId': 3, 'lessonTypeAbbrev': 'ПЗ', 'lessonNameAbbrev': 'ФизК', 'subGroup': 0, 'marks': [], 'controlPoint': 'Вне КТ'}, {'id': 1496747, 'dateString': '05.05.2026', 'gradeBookOmissions': 0, 'isRespectfulOmission': False, 'lessonTypeId': 4, 'lessonTypeAbbrev': 'ЛР', 'lessonNameAbbrev': 'ЕЯзИИС', 'subGroup': 0, 'marks': [], 'controlPoint': 'Вне КТ'}, {'id': 1443949, 'dateString': '05.05.2026', 'gradeBookOmissions': 0, 'isRespectfulOmission': False, 'lessonTypeId': 2, 'lessonTypeAbbrev': 'ЛК', 'lessonNameAbbrev': 'ПБЗ', 'subGroup': 0, 'marks': [], 'controlPoint': 'Вне КТ'}, {'id': 1423229, 'dateString': '06.05.2026', 'gradeBookOmissions': 0, 'isRespectfulOmission': False, 'lessonTypeId': 2, 'lessonTypeAbbrev': 'ЛК', 'lessonNameAbbrev': 'ЕЯзИИС', 'subGroup': 0, 'marks': [], 'controlPoint': 'Вне КТ'}, {'id': 1496748, 'dateString': '06.05.2026', 'gradeBookOmissions': 0, 'isRespectfulOmission': False, 'lessonTypeId': 4, 'lessonTypeAbbrev': 'ЛР', 'lessonNameAbbrev': 'ПБЗ', 'subGroup': 2, 'marks': [], 'controlPoint': 'Вне КТ'}, {'id': 1444147, 'dateString': '06.05.2026', 'gradeBookOmissions': 0, 'isRespectfulOmission': False, 'lessonTypeId': 2, 'lessonTypeAbbrev': 'ЛК', 'lessonNameAbbrev': 'ГИИС', 'subGroup': 0, 'marks': [], 'controlPoint': 'Вне КТ'}, {'id': 1444141, 'dateString': '06.05.2026', 'gradeBookOmissions': 0, 'isRespectfulOmission': False, 'lessonTypeId': 3, 'lessonTypeAbbrev': 'ПЗ', 'lessonNameAbbrev': 'ОБиПвСИТ', 'subGroup': 0, 'marks': [], 'controlPoint': 'Вне КТ'}, {'id': 1444369, 'dateString': '07.05.2026', 'gradeBookOmissions': 0, 'isRespectfulOmission': False, 'lessonTypeId': 3, 'lessonTypeAbbrev': 'ПЗ', 'lessonNameAbbrev': 'ФизК', 'subGroup': 0, 'marks': [], 'controlPoint': 'Вне КТ'}, {'id': 1444371, 'dateString': '07.05.2026', 'gradeBookOmissions': 0, 'isRespectfulOmission': False, 'lessonTypeId': 2, 'lessonTypeAbbrev': 'ЛК', 'lessonNameAbbrev': 'МРЗвИС', 'subGroup': 0, 'marks': [], 'controlPoint': 'Вне КТ'}, {'id': 1444373, 'dateString': '07.05.2026', 'gradeBookOmissions': 0, 'isRespectfulOmission': False, 'lessonTypeId': 4, 'lessonTypeAbbrev': 'ЛР', 'lessonNameAbbrev': 'ГИИС', 'subGroup': 2, 'marks': [], 'controlPoint': 'Вне КТ'}, {'id': 1444366, 'dateString': '07.05.2026', 'gradeBookOmissions': 0, 'isRespectfulOmission': False, 'lessonTypeId': 4, 'lessonTypeAbbrev': 'ЛР', 'lessonNameAbbrev': 'ЕЯзИИС', 'subGroup': 2, 'marks': [], 'controlPoint': 'Вне КТ'}, {'id': 1444577, 'dateString': '08.05.2026', 'gradeBookOmissions': 0, 'isRespectfulOmission': False, 'lessonTypeId': 3, 'lessonTypeAbbrev': 'ПЗ', 'lessonNameAbbrev': 'ОБиПвСИТ', 'subGroup': 0, 'marks': [], 'controlPoint': 'Вне КТ'}, {'id': 1444580, 'dateString': '08.05.2026', 'gradeBookOmissions': 0, 'isRespectfulOmission': False, 'lessonTypeId': 2, 'lessonTypeAbbrev': 'ЛК', 'lessonNameAbbrev': 'ИАД', 'subGroup': 0, 'marks': [], 'controlPoint': 'Вне КТ'}, {'id': 1444582, 'dateString': '08.05.2026', 'gradeBookOmissions': 0, 'isRespectfulOmission': False, 'lessonTypeId': 4, 'lessonTypeAbbrev': 'ЛР', 'lessonNameAbbrev': 'ГИИС', 'subGroup': 0, 'marks': [], 'controlPoint': 'Вне КТ'}, {'id': 1444578, 'dateString': '08.05.2026', 'gradeBookOmissions': 0, 'isRespectfulOmission': False, 'lessonTypeId': 4, 'lessonTypeAbbrev': 'ЛР', 'lessonNameAbbrev': 'ЕЯзИИС', 'subGroup': 0, 'marks': [], 'controlPoint': 'Вне КТ'}, {'id': 1416257, 'dateString': '09.05.2026', 'gradeBookOmissions': 0, 'isRespectfulOmission': False, 'lessonTypeId': 4, 'lessonTypeAbbrev': 'ЛР', 'lessonNameAbbrev': 'ПЗИИС', 'subGroup': 2, 'marks': [], 'controlPoint': 'Вне КТ'}, {'id': 1416209, 'dateString': '09.05.2026', 'gradeBookOmissions': 0, 'isRespectfulOmission': False, 'lessonTypeId': 4, 'lessonTypeAbbrev': 'ЛР', 'lessonNameAbbrev': 'ПБЗ', 'subGroup': 2, 'marks': [], 'controlPoint': 'Вне КТ'}, {'id': 1444827, 'dateString': '11.05.2026', 'gradeBookOmissions': 0, 'isRespectfulOmission': False, 'lessonTypeId': 2, 'lessonTypeAbbrev': 'ЛК', 'lessonNameAbbrev': 'ПЗИИС', 'subGroup': 0, 'marks': [], 'controlPoint': 'Вне КТ'}, {'id': 1444823, 'dateString': '11.05.2026', 'gradeBookOmissions': 0, 'isRespectfulOmission': False, 'lessonTypeId': 2, 'lessonTypeAbbrev': 'ЛК', 'lessonNameAbbrev': 'ОБиПвСИТ', 'subGroup': 0, 'marks': [], 'controlPoint': 'Вне КТ'}, {'id': 1444824, 'dateString': '11.05.2026', 'gradeBookOmissions': 0, 'isRespectfulOmission': False, 'lessonTypeId': 4, 'lessonTypeAbbrev': 'ЛР', 'lessonNameAbbrev': 'ИАД', 'subGroup': 0, 'marks': [], 'controlPoint': 'Вне КТ'}, {'id': 1496751, 'dateString': '11.05.2026', 'gradeBookOmissions': 0, 'isRespectfulOmission': False, 'lessonTypeId': 4, 'lessonTypeAbbrev': 'ЛР', 'lessonNameAbbrev': 'ПЗИИС', 'subGroup': 2, 'marks': [], 'controlPoint': 'Вне КТ'}, {'id': 1496752, 'dateString': '12.05.2026', 'gradeBookOmissions': 0, 'isRespectfulOmission': False, 'lessonTypeId': 4, 'lessonTypeAbbrev': 'ЛР', 'lessonNameAbbrev': 'ПЗИИС', 'subGroup': 1, 'marks': [], 'controlPoint': 'Вне КТ'}, {'id': 1445001, 'dateString': '12.05.2026', 'gradeBookOmissions': 0, 'isRespectfulOmission': False, 'lessonTypeId': 4, 'lessonTypeAbbrev': 'ЛР', 'lessonNameAbbrev': 'МРЗвИС', 'subGroup': 1, 'marks': [], 'controlPoint': 'Вне КТ'}, {'id': 1444999, 'dateString': '12.05.2026', 'gradeBookOmissions': 0, 'isRespectfulOmission': False, 'lessonTypeId': 3, 'lessonTypeAbbrev': 'ПЗ', 'lessonNameAbbrev': 'ФизК', 'subGroup': 0, 'marks': [], 'controlPoint': 'Вне КТ'}, {'id': 1444996, 'dateString': '12.05.2026', 'gradeBookOmissions': 0, 'isRespectfulOmission': False, 'lessonTypeId': 2, 'lessonTypeAbbrev': 'ЛК', 'lessonNameAbbrev': 'ПБЗ', 'subGroup': 0, 'marks': [], 'controlPoint': 'Вне КТ'}, {'id': 1496753, 'dateString': '13.05.2026', 'gradeBookOmissions': 0, 'isRespectfulOmission': False, 'lessonTypeId': 4, 'lessonTypeAbbrev': 'ЛР', 'lessonNameAbbrev': 'ПБЗ', 'subGroup': 1, 'marks': [], 'controlPoint': 'Вне КТ'}, {'id': 1445201, 'dateString': '13.05.2026', 'gradeBookOmissions': 0, 'isRespectfulOmission': False, 'lessonTypeId': 3, 'lessonTypeAbbrev': 'ПЗ', 'lessonNameAbbrev': 'ОБиПвСИТ', 'subGroup': 0, 'marks': [], 'controlPoint': 'Вне КТ'}, {'id': 1423234, 'dateString': '13.05.2026', 'gradeBookOmissions': 0, 'isRespectfulOmission': False, 'lessonTypeId': 2, 'lessonTypeAbbrev': 'ЛК', 'lessonNameAbbrev': 'ЕЯзИИС', 'subGroup': 0, 'marks': [], 'controlPoint': 'Вне КТ'}, {'id': 1445422, 'dateString': '14.05.2026', 'gradeBookOmissions': 0, 'isRespectfulOmission': False, 'lessonTypeId': 4, 'lessonTypeAbbrev': 'ЛР', 'lessonNameAbbrev': 'ЕЯзИИС', 'subGroup': 1, 'marks': [], 'controlPoint': 'Вне КТ'}, {'id': 1445430, 'dateString': '14.05.2026', 'gradeBookOmissions': 0, 'isRespectfulOmission': False, 'lessonTypeId': 4, 'lessonTypeAbbrev': 'ЛР', 'lessonNameAbbrev': 'ГИИС', 'subGroup': 1, 'marks': [], 'controlPoint': 'Вне КТ'}, {'id': 1445427, 'dateString': '14.05.2026', 'gradeBookOmissions': 0, 'isRespectfulOmission': False, 'lessonTypeId': 2, 'lessonTypeAbbrev': 'ЛК', 'lessonNameAbbrev': 'МРЗвИС', 'subGroup': 0, 'marks': [], 'controlPoint': 'Вне КТ'}, {'id': 1445425, 'dateString': '14.05.2026', 'gradeBookOmissions': 0, 'isRespectfulOmission': False, 'lessonTypeId': 3, 'lessonTypeAbbrev': 'ПЗ', 'lessonNameAbbrev': 'ФизК', 'subGroup': 0, 'marks': [], 'controlPoint': 'Вне КТ'}, {'id': 1445634, 'dateString': '15.05.2026', 'gradeBookOmissions': 0, 'isRespectfulOmission': False, 'lessonTypeId': 2, 'lessonTypeAbbrev': 'ЛК', 'lessonNameAbbrev': 'ИАД', 'subGroup': 0, 'marks': [], 'controlPoint': 'Вне КТ'}, {'id': 1496348, 'dateString': '03.02.2027', 'gradeBookOmissions': 0, 'isRespectfulOmission': False, 'lessonTypeId': 4, 'lessonTypeAbbrev': 'ЛР', 'lessonNameAbbrev': 'МРЗвИС', 'subGroup': 2, 'marks': [], 'controlPoint': 'Вне КТ'}]}}
